<html>
<body>
<pre>
<h1>µVision Build Log</h1>
<h2>Tool Versions:</h2>
IDE-Version: ¦ÌVision V5.43.0.0
Copyright (C) 2025 ARM Ltd and ARM Germany GmbH. All rights reserved.
License Information: qwe dell, sd, LIC=ATTQ1-CBGG3-Y8DFK-ZEL9D-RM73X-VL9UI
 
Tool Versions:
Toolchain:       MDK-ARM Plus  Version: 5.27.1.0
Toolchain Path:  C:\Keil_v5\ARM\ARMCLANG\Bin
C Compiler:      ArmClang.exe V6.12
Assembler:       Armasm.exe V6.12
Linker/Locator:  ArmLink.exe V6.12
Library Manager: ArmAr.exe V6.12
Hex Converter:   FromElf.exe V6.12
CPU DLL:         SARMCM3.DLL V5.27.1.0
Dialog DLL:      DCM.DLL V1.17.2.0
Target DLL:      STLink\ST-LINKIII-KEIL_SWO.dll V3.0.6.0
Dialog DLL:      TCM.DLL V1.36.1.0
 
<h2>Project:</h2>
c:\Users\dell\Desktop\stm32_wb55\My_Test\SPI\MDK-ARM\HSE_LSE_SYS32Mhz_SPI.uvprojx
Project File Date:  09/26/2025

<h2>Output:</h2>
*** Using Compiler 'V6.12', folder: 'C:\Keil_v5\ARM\ARMCLANG\Bin'
Build target 'HSE_LSE_SYS32Mhz_SPI'
compiling main.c...
linking...
Program Size: Code=13608 RO-data=540 RW-data=12 ZI-data=1172  
FromELF: creating hex file...
"HSE_LSE_SYS32Mhz_SPI\HSE_LSE_SYS32Mhz_SPI.axf" - 0 Error(s), 0 Warning(s).

<h2>Software Packages used:</h2>

Package Vendor: ARM
                http://www.keil.com/pack/ARM.CMSIS.5.5.1.pack
                ARM::CMSIS@5.5.1
                CMSIS (Cortex Microcontroller Software Interface Standard)
   * Component: CORE Version: 5.2.0

Package Vendor: Keil
                http://www.keil.com/pack/Keil.STM32WBxx_DFP.1.0.0.pack
                Keil::STM32WBxx_DFP@1.0.0
                STMicroelectronics STM32WB Series Device Support

<h2>Collection of Component include folders:</h2>
  ./RTE/_HSE_LSE_SYS32Mhz_SPI
  C:/Users/dell/AppData/Local/Arm/Packs/ARM/CMSIS/5.5.1/CMSIS/Core/Include
  C:/Users/dell/AppData/Local/Arm/Packs/Keil/STM32WBxx_DFP/1.0.0/Drivers/CMSIS/Device/ST/STM32WBxx/Include

<h2>Collection of Component Files used:</h2>

   * Component: ARM::CMSIS:CORE@5.2.0
Build Time Elapsed:  00:00:00
</pre>
</body>
</html>
