Component: ARM Compiler 6.12 Tool: armlink [5d624300]

==============================================================================

Section Cross References

    startup_stm32wb55xx_cm4.o(RESET) refers to startup_stm32wb55xx_cm4.o(STACK) for __initial_sp
    startup_stm32wb55xx_cm4.o(RESET) refers to startup_stm32wb55xx_cm4.o(.text) for Reset_Handler
    startup_stm32wb55xx_cm4.o(RESET) refers to stm32wbxx_it.o(.text.NMI_Handler) for NMI_Handler
    startup_stm32wb55xx_cm4.o(RESET) refers to stm32wbxx_it.o(.text.HardFault_Handler) for HardFault_Handler
    startup_stm32wb55xx_cm4.o(RESET) refers to stm32wbxx_it.o(.text.MemManage_Handler) for MemManage_Handler
    startup_stm32wb55xx_cm4.o(RESET) refers to stm32wbxx_it.o(.text.BusFault_Handler) for BusFault_Handler
    startup_stm32wb55xx_cm4.o(RESET) refers to stm32wbxx_it.o(.text.UsageFault_Handler) for UsageFault_Handler
    startup_stm32wb55xx_cm4.o(RESET) refers to stm32wbxx_it.o(.text.SVC_Handler) for SVC_Handler
    startup_stm32wb55xx_cm4.o(RESET) refers to stm32wbxx_it.o(.text.DebugMon_Handler) for DebugMon_Handler
    startup_stm32wb55xx_cm4.o(RESET) refers to stm32wbxx_it.o(.text.PendSV_Handler) for PendSV_Handler
    startup_stm32wb55xx_cm4.o(RESET) refers to stm32wbxx_it.o(.text.SysTick_Handler) for SysTick_Handler
    startup_stm32wb55xx_cm4.o(RESET) refers to main.o(.text.RTC_WKUP_IRQHandler) for RTC_WKUP_IRQHandler
    startup_stm32wb55xx_cm4.o(RESET) refers to stm32wbxx_it.o(.text.SPI1_IRQHandler) for SPI1_IRQHandler
    startup_stm32wb55xx_cm4.o(.text) refers to system_stm32wbxx.o(.text.SystemInit) for SystemInit
    startup_stm32wb55xx_cm4.o(.text) refers to entry.o(.ARM.Collect$$$$00000000) for __main
    main.o(.text.main) refers to stm32wbxx_hal.o(.text.HAL_Init) for HAL_Init
    main.o(.text.main) refers to main.o(.text.SystemClock_Config) for SystemClock_Config
    main.o(.text.main) refers to main.o(.text.PeriphCommonClock_Config) for PeriphCommonClock_Config
    main.o(.text.main) refers to gpio.o(.text.MX_GPIO_Init) for MX_GPIO_Init
    main.o(.text.main) refers to rtc.o(.text.MX_RTC_Init) for MX_RTC_Init
    main.o(.text.main) refers to spi.o(.text.MX_SPI1_Init) for MX_SPI1_Init
    main.o(.text.main) refers to stm32wbxx_hal_gpio.o(.text.HAL_GPIO_WritePin) for HAL_GPIO_WritePin
    main.o(.text.main) refers to main.o(.rodata..L__const.main.cmd) for .L__const.main.cmd
    main.o(.text.main) refers to memcpya.o(.text) for __aeabi_memcpy
    main.o(.text.main) refers to spi.o(.bss.hspi1) for hspi1
    main.o(.text.main) refers to stm32wbxx_hal_spi.o(.text.HAL_SPI_Transmit) for HAL_SPI_Transmit
    main.o(.text.main) refers to stm32wbxx_hal.o(.text.HAL_Delay) for HAL_Delay
    main.o(.ARM.exidx.text.main) refers to main.o(.text.main) for [Anonymous Symbol]
    main.o(.text.SystemClock_Config) refers to memseta.o(.text) for __aeabi_memclr4
    main.o(.text.SystemClock_Config) refers to stm32wbxx_hal_pwr.o(.text.HAL_PWR_EnableBkUpAccess) for HAL_PWR_EnableBkUpAccess
    main.o(.text.SystemClock_Config) refers to main.o(.text.LL_RCC_LSE_SetDriveCapability) for LL_RCC_LSE_SetDriveCapability
    main.o(.text.SystemClock_Config) refers to stm32wbxx_hal_rcc.o(.text.HAL_RCC_OscConfig) for HAL_RCC_OscConfig
    main.o(.text.SystemClock_Config) refers to main.o(.text.Error_Handler) for Error_Handler
    main.o(.text.SystemClock_Config) refers to stm32wbxx_hal_rcc.o(.text.HAL_RCC_ClockConfig) for HAL_RCC_ClockConfig
    main.o(.ARM.exidx.text.SystemClock_Config) refers to main.o(.text.SystemClock_Config) for [Anonymous Symbol]
    main.o(.text.PeriphCommonClock_Config) refers to memseta.o(.text) for __aeabi_memclr4
    main.o(.text.PeriphCommonClock_Config) refers to stm32wbxx_hal_rcc_ex.o(.text.HAL_RCCEx_PeriphCLKConfig) for HAL_RCCEx_PeriphCLKConfig
    main.o(.text.PeriphCommonClock_Config) refers to main.o(.text.Error_Handler) for Error_Handler
    main.o(.ARM.exidx.text.PeriphCommonClock_Config) refers to main.o(.text.PeriphCommonClock_Config) for [Anonymous Symbol]
    main.o(.ARM.exidx.text.LL_RCC_LSE_SetDriveCapability) refers to main.o(.text.LL_RCC_LSE_SetDriveCapability) for [Anonymous Symbol]
    main.o(.ARM.exidx.text.Error_Handler) refers to main.o(.text.Error_Handler) for [Anonymous Symbol]
    main.o(.text.RTC_Start_WakeUpTimer) refers to rtc.o(.bss.hrtc) for hrtc
    main.o(.text.RTC_Start_WakeUpTimer) refers to stm32wbxx_hal_rtc_ex.o(.text.HAL_RTCEx_DeactivateWakeUpTimer) for HAL_RTCEx_DeactivateWakeUpTimer
    main.o(.text.RTC_Start_WakeUpTimer) refers to stm32wbxx_hal_rtc_ex.o(.text.HAL_RTCEx_SetWakeUpTimer_IT) for HAL_RTCEx_SetWakeUpTimer_IT
    main.o(.text.RTC_Start_WakeUpTimer) refers to main.o(.text.Error_Handler) for Error_Handler
    main.o(.text.RTC_Start_WakeUpTimer) refers to stm32wbxx_hal_cortex.o(.text.HAL_NVIC_SetPriority) for HAL_NVIC_SetPriority
    main.o(.text.RTC_Start_WakeUpTimer) refers to stm32wbxx_hal_cortex.o(.text.HAL_NVIC_EnableIRQ) for HAL_NVIC_EnableIRQ
[...]
    Removing stm32wbxx_hal_rtc_ex.o(.ARM.exidx.text.HAL_RTCEx_PollForWakeUpTimerEvent), (8 bytes).
    Removing stm32wbxx_hal_rtc_ex.o(.text.HAL_RTCEx_BKUPWrite), (58 bytes).
    Removing stm32wbxx_hal_rtc_ex.o(.ARM.exidx.text.HAL_RTCEx_BKUPWrite), (8 bytes).
    Removing stm32wbxx_hal_rtc_ex.o(.text.HAL_RTCEx_BKUPRead), (44 bytes).
    Removing stm32wbxx_hal_rtc_ex.o(.ARM.exidx.text.HAL_RTCEx_BKUPRead), (8 bytes).
    Removing stm32wbxx_hal_rtc_ex.o(.text.HAL_RTCEx_SetSmoothCalib), (262 bytes).
    Removing stm32wbxx_hal_rtc_ex.o(.ARM.exidx.text.HAL_RTCEx_SetSmoothCalib), (8 bytes).
    Removing stm32wbxx_hal_rtc_ex.o(.text.HAL_RTCEx_SetSynchroShift), (360 bytes).
    Removing stm32wbxx_hal_rtc_ex.o(.ARM.exidx.text.HAL_RTCEx_SetSynchroShift), (8 bytes).
    Removing stm32wbxx_hal_rtc_ex.o(.text.HAL_RTCEx_SetCalibrationOutPut), (160 bytes).
    Removing stm32wbxx_hal_rtc_ex.o(.ARM.exidx.text.HAL_RTCEx_SetCalibrationOutPut), (8 bytes).
    Removing stm32wbxx_hal_rtc_ex.o(.text.HAL_RTCEx_DeactivateCalibrationOutPut), (130 bytes).
    Removing stm32wbxx_hal_rtc_ex.o(.ARM.exidx.text.HAL_RTCEx_DeactivateCalibrationOutPut), (8 bytes).
    Removing stm32wbxx_hal_rtc_ex.o(.text.HAL_RTCEx_SetRefClock), (178 bytes).
    Removing stm32wbxx_hal_rtc_ex.o(.ARM.exidx.text.HAL_RTCEx_SetRefClock), (8 bytes).
    Removing stm32wbxx_hal_rtc_ex.o(.text.HAL_RTCEx_DeactivateRefClock), (178 bytes).
    Removing stm32wbxx_hal_rtc_ex.o(.ARM.exidx.text.HAL_RTCEx_DeactivateRefClock), (8 bytes).
    Removing stm32wbxx_hal_rtc_ex.o(.text.HAL_RTCEx_EnableBypassShadow), (130 bytes).
    Removing stm32wbxx_hal_rtc_ex.o(.ARM.exidx.text.HAL_RTCEx_EnableBypassShadow), (8 bytes).
    Removing stm32wbxx_hal_rtc_ex.o(.text.HAL_RTCEx_DisableBypassShadow), (130 bytes).
    Removing stm32wbxx_hal_rtc_ex.o(.ARM.exidx.text.HAL_RTCEx_DisableBypassShadow), (8 bytes).
    Removing stm32wbxx_hal_rtc_ex.o(.text.HAL_RTCEx_AlarmBEventCallback), (12 bytes).
    Removing stm32wbxx_hal_rtc_ex.o(.ARM.exidx.text.HAL_RTCEx_AlarmBEventCallback), (8 bytes).
    Removing stm32wbxx_hal_rtc_ex.o(.text.HAL_RTCEx_PollForAlarmBEvent), (150 bytes).
    Removing stm32wbxx_hal_rtc_ex.o(.ARM.exidx.text.HAL_RTCEx_PollForAlarmBEvent), (8 bytes).
    Removing stm32wbxx_hal_spi.o(.text), (0 bytes).
    Removing stm32wbxx_hal_spi.o(.ARM.exidx.text.HAL_SPI_Init), (8 bytes).
    Removing stm32wbxx_hal_spi.o(.text.HAL_SPI_MspInit), (12 bytes).
    Removing stm32wbxx_hal_spi.o(.ARM.exidx.text.HAL_SPI_MspInit), (8 bytes).
    Removing stm32wbxx_hal_spi.o(.text.HAL_SPI_DeInit), (92 bytes).
    Removing stm32wbxx_hal_spi.o(.ARM.exidx.text.HAL_SPI_DeInit), (8 bytes).
    Removing stm32wbxx_hal_spi.o(.text.HAL_SPI_MspDeInit), (12 bytes).
    Removing stm32wbxx_hal_spi.o(.ARM.exidx.text.HAL_SPI_MspDeInit), (8 bytes).
    Removing stm32wbxx_hal_spi.o(.ARM.exidx.text.HAL_SPI_Transmit), (8 bytes).
    Removing stm32wbxx_hal_spi.o(.ARM.exidx.text.SPI_EndRxTxTransaction), (8 bytes).
    Removing stm32wbxx_hal_spi.o(.text.HAL_SPI_Receive), (710 bytes).
    Removing stm32wbxx_hal_spi.o(.ARM.exidx.text.HAL_SPI_Receive), (8 bytes).
    Removing stm32wbxx_hal_spi.o(.text.HAL_SPI_TransmitReceive), (1200 bytes).
    Removing stm32wbxx_hal_spi.o(.ARM.exidx.text.HAL_SPI_TransmitReceive), (8 bytes).
    Removing stm32wbxx_hal_spi.o(.text.SPI_EndRxTransaction), (216 bytes).
    Removing stm32wbxx_hal_spi.o(.ARM.exidx.text.SPI_EndRxTransaction), (8 bytes).
    Removing stm32wbxx_hal_spi.o(.text.HAL_SPI_Transmit_IT), (312 bytes).
    Removing stm32wbxx_hal_spi.o(.ARM.exidx.text.HAL_SPI_Transmit_IT), (8 bytes).
    Removing stm32wbxx_hal_spi.o(.text.SPI_TxISR_16BIT), (58 bytes).
    Removing stm32wbxx_hal_spi.o(.ARM.exidx.text.SPI_TxISR_16BIT), (8 bytes).
    Removing stm32wbxx_hal_spi.o(.text.SPI_TxISR_8BIT), (58 bytes).
    Removing stm32wbxx_hal_spi.o(.ARM.exidx.text.SPI_TxISR_8BIT), (8 bytes).
    Removing stm32wbxx_hal_spi.o(.text.HAL_SPI_Receive_IT), (388 bytes).
    Removing stm32wbxx_hal_spi.o(.ARM.exidx.text.HAL_SPI_Receive_IT), (8 bytes).
    Removing stm32wbxx_hal_spi.o(.text.HAL_SPI_TransmitReceive_IT), (426 bytes).
    Removing stm32wbxx_hal_spi.o(.ARM.exidx.text.HAL_SPI_TransmitReceive_IT), (8 bytes).
    Removing stm32wbxx_hal_spi.o(.text.SPI_RxISR_16BIT), (66 bytes).
    Removing stm32wbxx_hal_spi.o(.ARM.exidx.text.SPI_RxISR_16BIT), (8 bytes).
    Removing stm32wbxx_hal_spi.o(.text.SPI_RxISR_8BIT), (66 bytes).
    Removing stm32wbxx_hal_spi.o(.ARM.exidx.text.SPI_RxISR_8BIT), (8 bytes).
    Removing stm32wbxx_hal_spi.o(.text.SPI_2linesRxISR_16BIT), (90 bytes).
    Removing stm32wbxx_hal_spi.o(.ARM.exidx.text.SPI_2linesRxISR_16BIT), (8 bytes).
    Removing stm32wbxx_hal_spi.o(.text.SPI_2linesTxISR_16BIT), (84 bytes).
    Removing stm32wbxx_hal_spi.o(.ARM.exidx.text.SPI_2linesTxISR_16BIT), (8 bytes).
    Removing stm32wbxx_hal_spi.o(.text.SPI_2linesRxISR_8BIT), (164 bytes).
    Removing stm32wbxx_hal_spi.o(.ARM.exidx.text.SPI_2linesRxISR_8BIT), (8 bytes).
    Removing stm32wbxx_hal_spi.o(.text.SPI_2linesTxISR_8BIT), (124 bytes).
    Removing stm32wbxx_hal_spi.o(.ARM.exidx.text.SPI_2linesTxISR_8BIT), (8 bytes).
    Removing stm32wbxx_hal_spi.o(.text.HAL_SPI_Transmit_DMA), (506 bytes).
    Removing stm32wbxx_hal_spi.o(.ARM.exidx.text.HAL_SPI_Transmit_DMA), (8 bytes).
    Removing stm32wbxx_hal_spi.o(.text.SPI_DMAHalfTransmitCplt), (26 bytes).
    Removing stm32wbxx_hal_spi.o(.ARM.exidx.text.SPI_DMAHalfTransmitCplt), (8 bytes).
    Removing stm32wbxx_hal_spi.o(.text.SPI_DMATransmitCplt), (176 bytes).
    Removing stm32wbxx_hal_spi.o(.ARM.exidx.text.SPI_DMATransmitCplt), (8 bytes).
    Removing stm32wbxx_hal_spi.o(.text.SPI_DMAError), (56 bytes).
    Removing stm32wbxx_hal_spi.o(.ARM.exidx.text.SPI_DMAError), (8 bytes).
    Removing stm32wbxx_hal_spi.o(.text.HAL_SPI_Receive_DMA), (600 bytes).
    Removing stm32wbxx_hal_spi.o(.ARM.exidx.text.HAL_SPI_Receive_DMA), (8 bytes).
    Removing stm32wbxx_hal_spi.o(.text.HAL_SPI_TransmitReceive_DMA), (822 bytes).
    Removing stm32wbxx_hal_spi.o(.ARM.exidx.text.HAL_SPI_TransmitReceive_DMA), (8 bytes).
    Removing stm32wbxx_hal_spi.o(.text.SPI_DMAHalfReceiveCplt), (26 bytes).
    Removing stm32wbxx_hal_spi.o(.ARM.exidx.text.SPI_DMAHalfReceiveCplt), (8 bytes).
    Removing stm32wbxx_hal_spi.o(.text.SPI_DMAReceiveCplt), (172 bytes).
    Removing stm32wbxx_hal_spi.o(.ARM.exidx.text.SPI_DMAReceiveCplt), (8 bytes).
    Removing stm32wbxx_hal_spi.o(.text.SPI_DMAHalfTransmitReceiveCplt), (26 bytes).
    Removing stm32wbxx_hal_spi.o(.ARM.exidx.text.SPI_DMAHalfTransmitReceiveCplt), (8 bytes).
    Removing stm32wbxx_hal_spi.o(.text.SPI_DMATransmitReceiveCplt), (142 bytes).
    Removing stm32wbxx_hal_spi.o(.ARM.exidx.text.SPI_DMATransmitReceiveCplt), (8 bytes).
    Removing stm32wbxx_hal_spi.o(.text.HAL_SPI_Abort), (660 bytes).
    Removing stm32wbxx_hal_spi.o(.ARM.exidx.text.HAL_SPI_Abort), (8 bytes).
    Removing stm32wbxx_hal_spi.o(.text.SPI_AbortTx_ISR), (382 bytes).
    Removing stm32wbxx_hal_spi.o(.ARM.exidx.text.SPI_AbortTx_ISR), (8 bytes).
    Removing stm32wbxx_hal_spi.o(.text.SPI_AbortRx_ISR), (230 bytes).
    Removing stm32wbxx_hal_spi.o(.ARM.exidx.text.SPI_AbortRx_ISR), (8 bytes).
    Removing stm32wbxx_hal_spi.o(.ARM.exidx.text.SPI_WaitFifoStateUntilTimeout), (8 bytes).
    Removing stm32wbxx_hal_spi.o(.ARM.exidx.text.SPI_WaitFlagStateUntilTimeout), (8 bytes).
    Removing stm32wbxx_hal_spi.o(.text.HAL_SPI_Abort_IT), (590 bytes).
    Removing stm32wbxx_hal_spi.o(.ARM.exidx.text.HAL_SPI_Abort_IT), (8 bytes).
    Removing stm32wbxx_hal_spi.o(.text.SPI_DMATxAbortCallback), (248 bytes).
    Removing stm32wbxx_hal_spi.o(.ARM.exidx.text.SPI_DMATxAbortCallback), (8 bytes).
    Removing stm32wbxx_hal_spi.o(.text.SPI_DMARxAbortCallback), (254 bytes).
    Removing stm32wbxx_hal_spi.o(.ARM.exidx.text.SPI_DMARxAbortCallback), (8 bytes).
    Removing stm32wbxx_hal_spi.o(.text.HAL_SPI_AbortCpltCallback), (12 bytes).
    Removing stm32wbxx_hal_spi.o(.ARM.exidx.text.HAL_SPI_AbortCpltCallback), (8 bytes).
    Removing stm32wbxx_hal_spi.o(.text.HAL_SPI_DMAPause), (82 bytes).
    Removing stm32wbxx_hal_spi.o(.ARM.exidx.text.HAL_SPI_DMAPause), (8 bytes).
    Removing stm32wbxx_hal_spi.o(.text.HAL_SPI_DMAResume), (82 bytes).
    Removing stm32wbxx_hal_spi.o(.ARM.exidx.text.HAL_SPI_DMAResume), (8 bytes).
    Removing stm32wbxx_hal_spi.o(.text.HAL_SPI_DMAStop), (132 bytes).
    Removing stm32wbxx_hal_spi.o(.ARM.exidx.text.HAL_SPI_DMAStop), (8 bytes).
    Removing stm32wbxx_hal_spi.o(.ARM.exidx.text.HAL_SPI_IRQHandler), (8 bytes).
    Removing stm32wbxx_hal_spi.o(.ARM.exidx.text.SPI_DMAAbortOnError), (8 bytes).
    Removing stm32wbxx_hal_spi.o(.ARM.exidx.text.HAL_SPI_ErrorCallback), (8 bytes).
    Removing stm32wbxx_hal_spi.o(.text.HAL_SPI_TxCpltCallback), (12 bytes).
    Removing stm32wbxx_hal_spi.o(.ARM.exidx.text.HAL_SPI_TxCpltCallback), (8 bytes).
    Removing stm32wbxx_hal_spi.o(.text.HAL_SPI_RxCpltCallback), (12 bytes).
    Removing stm32wbxx_hal_spi.o(.ARM.exidx.text.HAL_SPI_RxCpltCallback), (8 bytes).
    Removing stm32wbxx_hal_spi.o(.text.HAL_SPI_TxRxCpltCallback), (12 bytes).
    Removing stm32wbxx_hal_spi.o(.ARM.exidx.text.HAL_SPI_TxRxCpltCallback), (8 bytes).
    Removing stm32wbxx_hal_spi.o(.text.HAL_SPI_TxHalfCpltCallback), (12 bytes).
    Removing stm32wbxx_hal_spi.o(.ARM.exidx.text.HAL_SPI_TxHalfCpltCallback), (8 bytes).
    Removing stm32wbxx_hal_spi.o(.text.HAL_SPI_RxHalfCpltCallback), (12 bytes).
    Removing stm32wbxx_hal_spi.o(.ARM.exidx.text.HAL_SPI_RxHalfCpltCallback), (8 bytes).
    Removing stm32wbxx_hal_spi.o(.text.HAL_SPI_TxRxHalfCpltCallback), (12 bytes).
    Removing stm32wbxx_hal_spi.o(.ARM.exidx.text.HAL_SPI_TxRxHalfCpltCallback), (8 bytes).
    Removing stm32wbxx_hal_spi.o(.text.HAL_SPI_GetState), (18 bytes).
    Removing stm32wbxx_hal_spi.o(.ARM.exidx.text.HAL_SPI_GetState), (8 bytes).
    Removing stm32wbxx_hal_spi.o(.text.HAL_SPI_GetError), (16 bytes).
    Removing stm32wbxx_hal_spi.o(.ARM.exidx.text.HAL_SPI_GetError), (8 bytes).
    Removing stm32wbxx_hal_spi.o(.text.SPI_CloseRxTx_ISR), (132 bytes).
    Removing stm32wbxx_hal_spi.o(.ARM.exidx.text.SPI_CloseRxTx_ISR), (8 bytes).
    Removing stm32wbxx_hal_spi.o(.text.SPI_CloseRx_ISR), (100 bytes).
    Removing stm32wbxx_hal_spi.o(.ARM.exidx.text.SPI_CloseRx_ISR), (8 bytes).
    Removing stm32wbxx_hal_spi.o(.text.SPI_CloseTx_ISR), (134 bytes).
    Removing stm32wbxx_hal_spi.o(.ARM.exidx.text.SPI_CloseTx_ISR), (8 bytes).
    Removing stm32wbxx_hal_spi_ex.o(.text), (0 bytes).
    Removing stm32wbxx_hal_spi_ex.o(.text.HAL_SPIEx_FlushRxFifo), (88 bytes).
    Removing stm32wbxx_hal_spi_ex.o(.ARM.exidx.text.HAL_SPIEx_FlushRxFifo), (8 bytes).
    Removing system_stm32wbxx.o(.text), (0 bytes).
    Removing system_stm32wbxx.o(.ARM.exidx.text.SystemInit), (8 bytes).
    Removing system_stm32wbxx.o(.text.SystemCoreClockUpdate), (326 bytes).
    Removing system_stm32wbxx.o(.ARM.exidx.text.SystemCoreClockUpdate), (8 bytes).
    Removing system_stm32wbxx.o(.rodata.APBPrescTable), (32 bytes).
    Removing system_stm32wbxx.o(.rodata.SmpsPrescalerTable), (96 bytes).

1149 unused section(s) (total 52330 bytes) removed from the image.

==============================================================================

Image Symbol Table

    Local Symbols

    Symbol Name                              Value     Ov Type        Size  Object(Section)

    ../clib/microlib/init/entry.s            0x00000000   Number         0  entry.o ABSOLUTE
    ../clib/microlib/init/entry.s            0x00000000   Number         0  entry2.o ABSOLUTE
    ../clib/microlib/init/entry.s            0x00000000   Number         0  entry5.o ABSOLUTE
    ../clib/microlib/init/entry.s            0x00000000   Number         0  entry7a.o ABSOLUTE
    ../clib/microlib/init/entry.s            0x00000000   Number         0  entry7b.o ABSOLUTE
    ../clib/microlib/init/entry.s            0x00000000   Number         0  entry8a.o ABSOLUTE
    ../clib/microlib/init/entry.s            0x00000000   Number         0  entry8b.o ABSOLUTE
    ../clib/microlib/init/entry.s            0x00000000   Number         0  entry9a.o ABSOLUTE
    ../clib/microlib/init/entry.s            0x00000000   Number         0  entry9b.o ABSOLUTE
    ../clib/microlib/init/entry.s            0x00000000   Number         0  entry10a.o ABSOLUTE
    ../clib/microlib/init/entry.s            0x00000000   Number         0  entry10b.o ABSOLUTE
    ../clib/microlib/init/entry.s            0x00000000   Number         0  entry11a.o ABSOLUTE
    ../clib/microlib/init/entry.s            0x00000000   Number         0  entry11b.o ABSOLUTE
    ../clib/microlib/string/memcpy.c         0x00000000   Number         0  memcpya.o ABSOLUTE
    ../clib/microlib/string/memcpy.c         0x00000000   Number         0  memcpyb.o ABSOLUTE
    ../clib/microlib/string/memset.c         0x00000000   Number         0  memseta.o ABSOLUTE
    dc.s                                     0x00000000   Number         0  dc.o ABSOLUTE
    gpio.c                                   0x00000000   Number         0  gpio.o ABSOLUTE
    handlers.s                               0x00000000   Number         0  handlers.o ABSOLUTE
    init.s                                   0x00000000   Number         0  init.o ABSOLUTE
    main.c                                   0x00000000   Number         0  main.o ABSOLUTE
    rtc.c                                    0x00000000   Number         0  rtc.o ABSOLUTE
    spi.c                                    0x00000000   Number         0  spi.o ABSOLUTE
    startup_stm32wb55xx_cm4.s                0x00000000   Number         0  startup_stm32wb55xx_cm4.o ABSOLUTE
    stm32wbxx_hal.c                          0x00000000   Number         0  stm32wbxx_hal.o ABSOLUTE
    stm32wbxx_hal_cortex.c                   0x00000000   Number         0  stm32wbxx_hal_cortex.o ABSOLUTE
    stm32wbxx_hal_dma.c                      0x00000000   Number         0  stm32wbxx_hal_dma.o ABSOLUTE
    stm32wbxx_hal_dma_ex.c                   0x00000000   Number         0  stm32wbxx_hal_dma_ex.o ABSOLUTE
    stm32wbxx_hal_exti.c                     0x00000000   Number         0  stm32wbxx_hal_exti.o ABSOLUTE
    stm32wbxx_hal_flash.c                    0x00000000   Number         0  stm32wbxx_hal_flash.o ABSOLUTE
    stm32wbxx_hal_flash_ex.c                 0x00000000   Number         0  stm32wbxx_hal_flash_ex.o ABSOLUTE
    stm32wbxx_hal_gpio.c                     0x00000000   Number         0  stm32wbxx_hal_gpio.o ABSOLUTE
    stm32wbxx_hal_hsem.c                     0x00000000   Number         0  stm32wbxx_hal_hsem.o ABSOLUTE
    stm32wbxx_hal_msp.c                      0x00000000   Number         0  stm32wbxx_hal_msp.o ABSOLUTE
    stm32wbxx_hal_pwr.c                      0x00000000   Number         0  stm32wbxx_hal_pwr.o ABSOLUTE
    stm32wbxx_hal_pwr_ex.c                   0x00000000   Number         0  stm32wbxx_hal_pwr_ex.o ABSOLUTE
    stm32wbxx_hal_rcc.c                      0x00000000   Number         0  stm32wbxx_hal_rcc.o ABSOLUTE
    stm32wbxx_hal_rcc_ex.c                   0x00000000   Number         0  stm32wbxx_hal_rcc_ex.o ABSOLUTE
    stm32wbxx_hal_rtc.c                      0x00000000   Number         0  stm32wbxx_hal_rtc.o ABSOLUTE
    stm32wbxx_hal_rtc_ex.c                   0x00000000   Number         0  stm32wbxx_hal_rtc_ex.o ABSOLUTE
    stm32wbxx_hal_spi.c                      0x00000000   Number         0  stm32wbxx_hal_spi.o ABSOLUTE
    stm32wbxx_hal_spi_ex.c                   0x00000000   Number         0  stm32wbxx_hal_spi_ex.o ABSOLUTE
    stm32wbxx_it.c                           0x00000000   Number         0  stm32wbxx_it.o ABSOLUTE
    stm32wbxx_ll_rcc.c                       0x00000000   Number         0  stm32wbxx_ll_rcc.o ABSOLUTE
    system_stm32wbxx.c                       0x00000000   Number         0  system_stm32wbxx.o ABSOLUTE
    RESET                                    0x08000000   Section      316  startup_stm32wb55xx_cm4.o(RESET)
    .ARM.Collect$$$$00000000                 0x0800013c   Section        0  entry.o(.ARM.Collect$$$$00000000)
    .ARM.Collect$$$$00000001                 0x0800013c   Section        4  entry2.o(.ARM.Collect$$$$00000001)
    .ARM.Collect$$$$00000004                 0x08000140   Section        4  entry5.o(.ARM.Collect$$$$00000004)
    .ARM.Collect$$$$00000008                 0x08000144   Section        0  entry7b.o(.ARM.Collect$$$$00000008)
    .ARM.Collect$$$$0000000A                 0x08000144   Section        0  entry8b.o(.ARM.Collect$$$$0000000A)
    .ARM.Collect$$$$0000000B                 0x08000144   Section        8  entry9a.o(.ARM.Collect$$$$0000000B)
    __lit__00000000                          0x0800014c   Data           4  entry2.o(.ARM.Collect$$$$00002712)
    .ARM.Collect$$$$0000000D                 0x0800014c   Section        0  entry10a.o(.ARM.Collect$$$$0000000D)
    .ARM.Collect$$$$0000000F                 0x0800014c   Section        0  entry11a.o(.ARM.Collect$$$$0000000F)
    .ARM.Collect$$$$00002712                 0x0800014c   Section        4  entry2.o(.ARM.Collect$$$$00002712)
    $v0                                      0x08000150   Number         0  startup_stm32wb55xx_cm4.o(.text)
    .text                                    0x08000150   Section       36  startup_stm32wb55xx_cm4.o(.text)
    .text                                    0x08000174   Section        0  memcpya.o(.text)
    .text                                    0x08000198   Section        0  memseta.o(.text)
    .text                                    0x080001bc   Section       36  init.o(.text)
    [Anonymous Symbol]                       0x080001e0   Section        0  stm32wbxx_it.o(.text.BusFault_Handler)
    [Anonymous Symbol]                       0x080001e4   Section        0  stm32wbxx_it.o(.text.DebugMon_Handler)
    [Anonymous Symbol]                       0x080001e8   Section        0  main.o(.text.Error_Handler)
    [Anonymous Symbol]                       0x080001f8   Section        0  stm32wbxx_hal_dma.o(.text.HAL_DMA_Abort_IT)
    [Anonymous Symbol]                       0x080002b0   Section        0  stm32wbxx_hal.o(.text.HAL_Delay)
    [Anonymous Symbol]                       0x08000300   Section        0  stm32wbxx_hal_gpio.o(.text.HAL_GPIO_Init)
    [Anonymous Symbol]                       0x08000644   Section        0  stm32wbxx_hal_gpio.o(.text.HAL_GPIO_WritePin)
    [Anonymous Symbol]                       0x08000684   Section        0  stm32wbxx_hal.o(.text.HAL_GetTick)
    [Anonymous Symbol]                       0x08000690   Section        0  stm32wbxx_hal.o(.text.HAL_GetTickPrio)
    [Anonymous Symbol]                       0x0800069c   Section        0  stm32wbxx_hal.o(.text.HAL_IncTick)
    [Anonymous Symbol]                       0x080006b8   Section        0  stm32wbxx_hal.o(.text.HAL_Init)
    [Anonymous Symbol]                       0x080006fc   Section        0  stm32wbxx_hal.o(.text.HAL_InitTick)
    [Anonymous Symbol]                       0x08000788   Section        0  stm32wbxx_hal_msp.o(.text.HAL_MspInit)
    [Anonymous Symbol]                       0x0800078c   Section        0  stm32wbxx_hal_cortex.o(.text.HAL_NVIC_EnableIRQ)
    [Anonymous Symbol]                       0x080007a4   Section        0  stm32wbxx_hal_cortex.o(.text.HAL_NVIC_SetPriority)
    [Anonymous Symbol]                       0x080007ec   Section        0  stm32wbxx_hal_cortex.o(.text.HAL_NVIC_SetPriorityGrouping)
    [Anonymous Symbol]                       0x08000800   Section        0  stm32wbxx_hal_pwr_ex.o(.text.HAL_PWREx_GetVoltageRange)
    [Anonymous Symbol]                       0x08000810   Section        0  stm32wbxx_hal_pwr.o(.text.HAL_PWR_EnableBkUpAccess)
    [Anonymous Symbol]                       0x08000824   Section        0  stm32wbxx_hal_rcc_ex.o(.text.HAL_RCCEx_PeriphCLKConfig)
    [Anonymous Symbol]                       0x08000b64   Section        0  stm32wbxx_hal_rcc.o(.text.HAL_RCC_ClockConfig)
    [Anonymous Symbol]                       0x08000e90   Section        0  stm32wbxx_hal_rcc.o(.text.HAL_RCC_GetHCLKFreq)
    [Anonymous Symbol]                       0x08000ebc   Section        0  stm32wbxx_hal_rcc.o(.text.HAL_RCC_GetSysClockFreq)
    [Anonymous Symbol]                       0x08000fe0   Section        0  stm32wbxx_hal_rcc.o(.text.HAL_RCC_OscConfig)
    [Anonymous Symbol]                       0x08001858   Section        0  main.o(.text.HAL_RTCEx_WakeUpTimerEventCallback)
    [Anonymous Symbol]                       0x08001870   Section        0  stm32wbxx_hal_rtc_ex.o(.text.HAL_RTCEx_WakeUpTimerIRQHandler)
    [Anonymous Symbol]                       0x080018c4   Section        0  stm32wbxx_hal_rtc.o(.text.HAL_RTC_Init)
    [Anonymous Symbol]                       0x080019ec   Section        0  rtc.o(.text.HAL_RTC_MspInit)
    [Anonymous Symbol]                       0x08001a44   Section        0  stm32wbxx_hal_rtc.o(.text.HAL_RTC_WaitForSynchro)
    [Anonymous Symbol]                       0x08001aa4   Section        0  stm32wbxx_hal_spi.o(.text.HAL_SPI_ErrorCallback)
    [Anonymous Symbol]                       0x08001ab0   Section        0  stm32wbxx_hal_spi.o(.text.HAL_SPI_IRQHandler)
    [Anonymous Symbol]                       0x08001cf8   Section        0  stm32wbxx_hal_spi.o(.text.HAL_SPI_Init)
    [Anonymous Symbol]                       0x08001e40   Section        0  spi.o(.text.HAL_SPI_MspInit)
    [Anonymous Symbol]                       0x08001ee0   Section        0  stm32wbxx_hal_spi.o(.text.HAL_SPI_Transmit)
    [Anonymous Symbol]                       0x08002214   Section        0  stm32wbxx_hal_cortex.o(.text.HAL_SYSTICK_Config)
    [Anonymous Symbol]                       0x08002228   Section        0  stm32wbxx_it.o(.text.HardFault_Handler)
    LL_AHB2_GRP1_EnableClock                 0x0800222d   Thumb Code    38  gpio.o(.text.LL_AHB2_GRP1_EnableClock)
    [Anonymous Symbol]                       0x0800222c   Section        0  gpio.o(.text.LL_AHB2_GRP1_EnableClock)
    LL_AHB2_GRP1_EnableClock                 0x08002255   Thumb Code    38  spi.o(.text.LL_AHB2_GRP1_EnableClock)
    [Anonymous Symbol]                       0x08002254   Section        0  spi.o(.text.LL_AHB2_GRP1_EnableClock)
    LL_APB1_GRP1_EnableClock                 0x0800227d   Thumb Code    38  rtc.o(.text.LL_APB1_GRP1_EnableClock)
    [Anonymous Symbol]                       0x0800227c   Section        0  rtc.o(.text.LL_APB1_GRP1_EnableClock)
    LL_APB2_GRP1_EnableClock                 0x080022a5   Thumb Code    38  spi.o(.text.LL_APB2_GRP1_EnableClock)
    [Anonymous Symbol]                       0x080022a4   Section        0  spi.o(.text.LL_APB2_GRP1_EnableClock)
    LL_C2_RCC_SetAHBPrescaler                0x080022cd   Thumb Code    32  stm32wbxx_hal_rcc.o(.text.LL_C2_RCC_SetAHBPrescaler)
    [Anonymous Symbol]                       0x080022cc   Section        0  stm32wbxx_hal_rcc.o(.text.LL_C2_RCC_SetAHBPrescaler)
    LL_RCC_EnableRTC                         0x080022ed   Thumb Code    16  rtc.o(.text.LL_RCC_EnableRTC)
    [Anonymous Symbol]                       0x080022ec   Section        0  rtc.o(.text.LL_RCC_EnableRTC)
    LL_RCC_ForceBackupDomainReset            0x080022fd   Thumb Code    16  stm32wbxx_hal_rcc_ex.o(.text.LL_RCC_ForceBackupDomainReset)
    [Anonymous Symbol]                       0x080022fc   Section        0  stm32wbxx_hal_rcc_ex.o(.text.LL_RCC_ForceBackupDomainReset)
    LL_RCC_GetAHB4Prescaler                  0x0800230d   Thumb Code    18  stm32wbxx_hal_rcc.o(.text.LL_RCC_GetAHB4Prescaler)
    [Anonymous Symbol]                       0x0800230c   Section        0  stm32wbxx_hal_rcc.o(.text.LL_RCC_GetAHB4Prescaler)
    LL_RCC_GetAHBPrescaler                   0x08002321   Thumb Code    14  stm32wbxx_hal_rcc.o(.text.LL_RCC_GetAHBPrescaler)
    [Anonymous Symbol]                       0x08002320   Section        0  stm32wbxx_hal_rcc.o(.text.LL_RCC_GetAHBPrescaler)
    LL_RCC_GetRTCClockSource                 0x08002331   Thumb Code    14  stm32wbxx_hal_rcc_ex.o(.text.LL_RCC_GetRTCClockSource)
    [Anonymous Symbol]                       0x08002330   Section        0  stm32wbxx_hal_rcc_ex.o(.text.LL_RCC_GetRTCClockSource)
    LL_RCC_GetSysClkSource                   0x08002341   Thumb Code    14  stm32wbxx_hal_rcc.o(.text.LL_RCC_GetSysClkSource)
    [Anonymous Symbol]                       0x08002340   Section        0  stm32wbxx_hal_rcc.o(.text.LL_RCC_GetSysClkSource)
    LL_RCC_HSE_Disable                       0x08002351   Thumb Code    14  stm32wbxx_hal_rcc.o(.text.LL_RCC_HSE_Disable)
    [Anonymous Symbol]                       0x08002350   Section        0  stm32wbxx_hal_rcc.o(.text.LL_RCC_HSE_Disable)
    LL_RCC_HSE_Enable                        0x08002361   Thumb Code    14  stm32wbxx_hal_rcc.o(.text.LL_RCC_HSE_Enable)
    [Anonymous Symbol]                       0x08002360   Section        0  stm32wbxx_hal_rcc.o(.text.LL_RCC_HSE_Enable)
    LL_RCC_HSE_IsEnabledDiv2                 0x08002371   Thumb Code    12  stm32wbxx_hal_rcc.o(.text.LL_RCC_HSE_IsEnabledDiv2)
    [Anonymous Symbol]                       0x08002370   Section        0  stm32wbxx_hal_rcc.o(.text.LL_RCC_HSE_IsEnabledDiv2)
    LL_RCC_HSE_IsReady                       0x0800237d   Thumb Code    12  stm32wbxx_hal_rcc.o(.text.LL_RCC_HSE_IsReady)
    [Anonymous Symbol]                       0x0800237c   Section        0  stm32wbxx_hal_rcc.o(.text.LL_RCC_HSE_IsReady)
    LL_RCC_HSI48_Disable                     0x08002389   Thumb Code    16  stm32wbxx_hal_rcc.o(.text.LL_RCC_HSI48_Disable)
    [Anonymous Symbol]                       0x08002388   Section        0  stm32wbxx_hal_rcc.o(.text.LL_RCC_HSI48_Disable)
    LL_RCC_HSI48_Enable                      0x08002399   Thumb Code    16  stm32wbxx_hal_rcc.o(.text.LL_RCC_HSI48_Enable)
    [Anonymous Symbol]                       0x08002398   Section        0  stm32wbxx_hal_rcc.o(.text.LL_RCC_HSI48_Enable)
    LL_RCC_HSI48_IsReady                     0x080023a9   Thumb Code    14  stm32wbxx_hal_rcc.o(.text.LL_RCC_HSI48_IsReady)
    [Anonymous Symbol]                       0x080023a8   Section        0  stm32wbxx_hal_rcc.o(.text.LL_RCC_HSI48_IsReady)
    LL_RCC_HSI_Disable                       0x080023b9   Thumb Code    14  stm32wbxx_hal_rcc.o(.text.LL_RCC_HSI_Disable)
    [Anonymous Symbol]                       0x080023b8   Section        0  stm32wbxx_hal_rcc.o(.text.LL_RCC_HSI_Disable)
    LL_RCC_HSI_Enable                        0x080023c9   Thumb Code    14  stm32wbxx_hal_rcc.o(.text.LL_RCC_HSI_Enable)
    [Anonymous Symbol]                       0x080023c8   Section        0  stm32wbxx_hal_rcc.o(.text.LL_RCC_HSI_Enable)
    LL_RCC_HSI_IsReady                       0x080023d9   Thumb Code    12  stm32wbxx_hal_rcc.o(.text.LL_RCC_HSI_IsReady)
    [Anonymous Symbol]                       0x080023d8   Section        0  stm32wbxx_hal_rcc.o(.text.LL_RCC_HSI_IsReady)
    LL_RCC_HSI_SetCalibTrimming              0x080023e5   Thumb Code    32  stm32wbxx_hal_rcc.o(.text.LL_RCC_HSI_SetCalibTrimming)
    [Anonymous Symbol]                       0x080023e4   Section        0  stm32wbxx_hal_rcc.o(.text.LL_RCC_HSI_SetCalibTrimming)
    LL_RCC_IsActiveFlag_C2HPRE               0x08002405   Thumb Code    16  stm32wbxx_hal_rcc.o(.text.LL_RCC_IsActiveFlag_C2HPRE)
    [Anonymous Symbol]                       0x08002404   Section        0  stm32wbxx_hal_rcc.o(.text.LL_RCC_IsActiveFlag_C2HPRE)
    LL_RCC_IsActiveFlag_HPRE                 0x08002415   Thumb Code    14  stm32wbxx_hal_rcc.o(.text.LL_RCC_IsActiveFlag_HPRE)
    [Anonymous Symbol]                       0x08002414   Section        0  stm32wbxx_hal_rcc.o(.text.LL_RCC_IsActiveFlag_HPRE)
    LL_RCC_IsActiveFlag_PPRE1                0x08002425   Thumb Code    14  stm32wbxx_hal_rcc.o(.text.LL_RCC_IsActiveFlag_PPRE1)
    [Anonymous Symbol]                       0x08002424   Section        0  stm32wbxx_hal_rcc.o(.text.LL_RCC_IsActiveFlag_PPRE1)
    LL_RCC_IsActiveFlag_PPRE2                0x08002435   Thumb Code    14  stm32wbxx_hal_rcc.o(.text.LL_RCC_IsActiveFlag_PPRE2)
    [Anonymous Symbol]                       0x08002434   Section        0  stm32wbxx_hal_rcc.o(.text.LL_RCC_IsActiveFlag_PPRE2)
    LL_RCC_IsActiveFlag_SHDHPRE              0x08002445   Thumb Code    16  stm32wbxx_hal_rcc.o(.text.LL_RCC_IsActiveFlag_SHDHPRE)
    [Anonymous Symbol]                       0x08002444   Section        0  stm32wbxx_hal_rcc.o(.text.LL_RCC_IsActiveFlag_SHDHPRE)
    LL_RCC_LSE_Disable                       0x08002455   Thumb Code    16  stm32wbxx_hal_rcc.o(.text.LL_RCC_LSE_Disable)
    [Anonymous Symbol]                       0x08002454   Section        0  stm32wbxx_hal_rcc.o(.text.LL_RCC_LSE_Disable)
    LL_RCC_LSE_DisableBypass                 0x08002465   Thumb Code    16  stm32wbxx_hal_rcc.o(.text.LL_RCC_LSE_DisableBypass)
    [Anonymous Symbol]                       0x08002464   Section        0  stm32wbxx_hal_rcc.o(.text.LL_RCC_LSE_DisableBypass)
    LL_RCC_LSE_Enable                        0x08002475   Thumb Code    16  stm32wbxx_hal_rcc.o(.text.LL_RCC_LSE_Enable)
    [Anonymous Symbol]                       0x08002474   Section        0  stm32wbxx_hal_rcc.o(.text.LL_RCC_LSE_Enable)
    LL_RCC_LSE_EnableBypass                  0x08002485   Thumb Code    16  stm32wbxx_hal_rcc.o(.text.LL_RCC_LSE_EnableBypass)
    [Anonymous Symbol]                       0x08002484   Section        0  stm32wbxx_hal_rcc.o(.text.LL_RCC_LSE_EnableBypass)
    LL_RCC_LSE_IsEnabled                     0x08002495   Thumb Code    14  stm32wbxx_hal_rcc_ex.o(.text.LL_RCC_LSE_IsEnabled)
    [Anonymous Symbol]                       0x08002494   Section        0  stm32wbxx_hal_rcc_ex.o(.text.LL_RCC_LSE_IsEnabled)
    LL_RCC_LSE_IsReady                       0x080024a5   Thumb Code    14  stm32wbxx_hal_rcc.o(.text.LL_RCC_LSE_IsReady)
    [Anonymous Symbol]                       0x080024a4   Section        0  stm32wbxx_hal_rcc.o(.text.LL_RCC_LSE_IsReady)
    LL_RCC_LSE_IsReady                       0x080024b5   Thumb Code    14  stm32wbxx_hal_rcc_ex.o(.text.LL_RCC_LSE_IsReady)
    [Anonymous Symbol]                       0x080024b4   Section        0  stm32wbxx_hal_rcc_ex.o(.text.LL_RCC_LSE_IsReady)
    LL_RCC_LSE_SetDriveCapability            0x080024c5   Thumb Code    30  main.o(.text.LL_RCC_LSE_SetDriveCapability)
    [Anonymous Symbol]                       0x080024c4   Section        0  main.o(.text.LL_RCC_LSE_SetDriveCapability)
    LL_RCC_LSI1_Disable                      0x080024e5   Thumb Code    16  stm32wbxx_hal_rcc.o(.text.LL_RCC_LSI1_Disable)
    [Anonymous Symbol]                       0x080024e4   Section        0  stm32wbxx_hal_rcc.o(.text.LL_RCC_LSI1_Disable)
    LL_RCC_LSI1_Enable                       0x080024f5   Thumb Code    16  stm32wbxx_hal_rcc.o(.text.LL_RCC_LSI1_Enable)
    [Anonymous Symbol]                       0x080024f4   Section        0  stm32wbxx_hal_rcc.o(.text.LL_RCC_LSI1_Enable)
    LL_RCC_LSI1_IsReady                      0x08002505   Thumb Code    14  stm32wbxx_hal_rcc.o(.text.LL_RCC_LSI1_IsReady)
    [Anonymous Symbol]                       0x08002504   Section        0  stm32wbxx_hal_rcc.o(.text.LL_RCC_LSI1_IsReady)
    LL_RCC_LSI2_Disable                      0x08002515   Thumb Code    16  stm32wbxx_hal_rcc.o(.text.LL_RCC_LSI2_Disable)
    [Anonymous Symbol]                       0x08002514   Section        0  stm32wbxx_hal_rcc.o(.text.LL_RCC_LSI2_Disable)
    LL_RCC_LSI2_Enable                       0x08002525   Thumb Code    16  stm32wbxx_hal_rcc.o(.text.LL_RCC_LSI2_Enable)
    [Anonymous Symbol]                       0x08002524   Section        0  stm32wbxx_hal_rcc.o(.text.LL_RCC_LSI2_Enable)
    LL_RCC_LSI2_IsReady                      0x08002535   Thumb Code    14  stm32wbxx_hal_rcc.o(.text.LL_RCC_LSI2_IsReady)
    [Anonymous Symbol]                       0x08002534   Section        0  stm32wbxx_hal_rcc.o(.text.LL_RCC_LSI2_IsReady)
    LL_RCC_LSI2_SetTrimming                  0x08002545   Thumb Code    32  stm32wbxx_hal_rcc.o(.text.LL_RCC_LSI2_SetTrimming)
    [Anonymous Symbol]                       0x08002544   Section        0  stm32wbxx_hal_rcc.o(.text.LL_RCC_LSI2_SetTrimming)
    LL_RCC_MSI_Disable                       0x08002565   Thumb Code    14  stm32wbxx_hal_rcc.o(.text.LL_RCC_MSI_Disable)
    [Anonymous Symbol]                       0x08002564   Section        0  stm32wbxx_hal_rcc.o(.text.LL_RCC_MSI_Disable)
    LL_RCC_MSI_Enable                        0x08002575   Thumb Code    14  stm32wbxx_hal_rcc.o(.text.LL_RCC_MSI_Enable)
    [Anonymous Symbol]                       0x08002574   Section        0  stm32wbxx_hal_rcc.o(.text.LL_RCC_MSI_Enable)
    LL_RCC_MSI_GetRange                      0x08002585   Thumb Code    34  stm32wbxx_hal_rcc.o(.text.LL_RCC_MSI_GetRange)
    [Anonymous Symbol]                       0x08002584   Section        0  stm32wbxx_hal_rcc.o(.text.LL_RCC_MSI_GetRange)
    LL_RCC_MSI_IsReady                       0x080025a9   Thumb Code    12  stm32wbxx_hal_rcc.o(.text.LL_RCC_MSI_IsReady)
    [Anonymous Symbol]                       0x080025a8   Section        0  stm32wbxx_hal_rcc.o(.text.LL_RCC_MSI_IsReady)
    LL_RCC_MSI_SetCalibTrimming              0x080025b5   Thumb Code    32  stm32wbxx_hal_rcc.o(.text.LL_RCC_MSI_SetCalibTrimming)
    [Anonymous Symbol]                       0x080025b4   Section        0  stm32wbxx_hal_rcc.o(.text.LL_RCC_MSI_SetCalibTrimming)
    LL_RCC_MSI_SetRange                      0x080025d5   Thumb Code    28  stm32wbxx_hal_rcc.o(.text.LL_RCC_MSI_SetRange)
    [Anonymous Symbol]                       0x080025d4   Section        0  stm32wbxx_hal_rcc.o(.text.LL_RCC_MSI_SetRange)
    LL_RCC_PLLSAI1_Disable                   0x080025f1   Thumb Code    14  stm32wbxx_hal_rcc_ex.o(.text.LL_RCC_PLLSAI1_Disable)
    [Anonymous Symbol]                       0x080025f0   Section        0  stm32wbxx_hal_rcc_ex.o(.text.LL_RCC_PLLSAI1_Disable)
    LL_RCC_PLLSAI1_Enable                    0x08002601   Thumb Code    14  stm32wbxx_hal_rcc_ex.o(.text.LL_RCC_PLLSAI1_Enable)
    [Anonymous Symbol]                       0x08002600   Section        0  stm32wbxx_hal_rcc_ex.o(.text.LL_RCC_PLLSAI1_Enable)
    LL_RCC_PLLSAI1_IsReady                   0x08002611   Thumb Code    12  stm32wbxx_hal_rcc_ex.o(.text.LL_RCC_PLLSAI1_IsReady)
    [Anonymous Symbol]                       0x08002610   Section        0  stm32wbxx_hal_rcc_ex.o(.text.LL_RCC_PLLSAI1_IsReady)
    LL_RCC_PLL_Disable                       0x0800261d   Thumb Code    14  stm32wbxx_hal_rcc.o(.text.LL_RCC_PLL_Disable)
    [Anonymous Symbol]                       0x0800261c   Section        0  stm32wbxx_hal_rcc.o(.text.LL_RCC_PLL_Disable)
    LL_RCC_PLL_Enable                        0x0800262d   Thumb Code    14  stm32wbxx_hal_rcc.o(.text.LL_RCC_PLL_Enable)
    [Anonymous Symbol]                       0x0800262c   Section        0  stm32wbxx_hal_rcc.o(.text.LL_RCC_PLL_Enable)
    LL_RCC_PLL_GetDivider                    0x0800263d   Thumb Code    14  stm32wbxx_hal_rcc.o(.text.LL_RCC_PLL_GetDivider)
    [Anonymous Symbol]                       0x0800263c   Section        0  stm32wbxx_hal_rcc.o(.text.LL_RCC_PLL_GetDivider)
    LL_RCC_PLL_GetMainSource                 0x0800264d   Thumb Code    14  stm32wbxx_hal_rcc.o(.text.LL_RCC_PLL_GetMainSource)
    [Anonymous Symbol]                       0x0800264c   Section        0  stm32wbxx_hal_rcc.o(.text.LL_RCC_PLL_GetMainSource)
    LL_RCC_PLL_GetN                          0x0800265d   Thumb Code    14  stm32wbxx_hal_rcc.o(.text.LL_RCC_PLL_GetN)
    [Anonymous Symbol]                       0x0800265c   Section        0  stm32wbxx_hal_rcc.o(.text.LL_RCC_PLL_GetN)
    LL_RCC_PLL_GetR                          0x0800266d   Thumb Code    14  stm32wbxx_hal_rcc.o(.text.LL_RCC_PLL_GetR)
    [Anonymous Symbol]                       0x0800266c   Section        0  stm32wbxx_hal_rcc.o(.text.LL_RCC_PLL_GetR)
    LL_RCC_PLL_IsReady                       0x0800267d   Thumb Code    12  stm32wbxx_hal_rcc.o(.text.LL_RCC_PLL_IsReady)
    [Anonymous Symbol]                       0x0800267c   Section        0  stm32wbxx_hal_rcc.o(.text.LL_RCC_PLL_IsReady)
    LL_RCC_ReleaseBackupDomainReset          0x08002689   Thumb Code    16  stm32wbxx_hal_rcc_ex.o(.text.LL_RCC_ReleaseBackupDomainReset)
    [Anonymous Symbol]                       0x08002688   Section        0  stm32wbxx_hal_rcc_ex.o(.text.LL_RCC_ReleaseBackupDomainReset)
    LL_RCC_SetADCClockSource                 0x08002699   Thumb Code    30  stm32wbxx_hal_rcc_ex.o(.text.LL_RCC_SetADCClockSource)
    [Anonymous Symbol]                       0x08002698   Section        0  stm32wbxx_hal_rcc_ex.o(.text.LL_RCC_SetADCClockSource)
    LL_RCC_SetAHB4Prescaler                  0x080026b9   Thumb Code    34  stm32wbxx_hal_rcc.o(.text.LL_RCC_SetAHB4Prescaler)
    [Anonymous Symbol]                       0x080026b8   Section        0  stm32wbxx_hal_rcc.o(.text.LL_RCC_SetAHB4Prescaler)
    LL_RCC_SetAHBPrescaler                   0x080026dd   Thumb Code    30  stm32wbxx_hal_rcc.o(.text.LL_RCC_SetAHBPrescaler)
    [Anonymous Symbol]                       0x080026dc   Section        0  stm32wbxx_hal_rcc.o(.text.LL_RCC_SetAHBPrescaler)
    LL_RCC_SetAPB1Prescaler                  0x080026fd   Thumb Code    30  stm32wbxx_hal_rcc.o(.text.LL_RCC_SetAPB1Prescaler)
    [Anonymous Symbol]                       0x080026fc   Section        0  stm32wbxx_hal_rcc.o(.text.LL_RCC_SetAPB1Prescaler)
    LL_RCC_SetAPB2Prescaler                  0x0800271d   Thumb Code    30  stm32wbxx_hal_rcc.o(.text.LL_RCC_SetAPB2Prescaler)
    [Anonymous Symbol]                       0x0800271c   Section        0  stm32wbxx_hal_rcc.o(.text.LL_RCC_SetAPB2Prescaler)
    LL_RCC_SetCLK48ClockSource               0x0800273d   Thumb Code    30  stm32wbxx_hal_rcc_ex.o(.text.LL_RCC_SetCLK48ClockSource)
    [Anonymous Symbol]                       0x0800273c   Section        0  stm32wbxx_hal_rcc_ex.o(.text.LL_RCC_SetCLK48ClockSource)
    LL_RCC_SetI2CClockSource                 0x0800275d   Thumb Code    44  stm32wbxx_hal_rcc_ex.o(.text.LL_RCC_SetI2CClockSource)
    [Anonymous Symbol]                       0x0800275c   Section        0  stm32wbxx_hal_rcc_ex.o(.text.LL_RCC_SetI2CClockSource)
    LL_RCC_SetLPTIMClockSource               0x08002789   Thumb Code    40  stm32wbxx_hal_rcc_ex.o(.text.LL_RCC_SetLPTIMClockSource)
    [Anonymous Symbol]                       0x08002788   Section        0  stm32wbxx_hal_rcc_ex.o(.text.LL_RCC_SetLPTIMClockSource)
    LL_RCC_SetLPUARTClockSource              0x080027b1   Thumb Code    30  stm32wbxx_hal_rcc_ex.o(.text.LL_RCC_SetLPUARTClockSource)
    [Anonymous Symbol]                       0x080027b0   Section        0  stm32wbxx_hal_rcc_ex.o(.text.LL_RCC_SetLPUARTClockSource)
    LL_RCC_SetRFWKPClockSource               0x080027d1   Thumb Code    30  stm32wbxx_hal_rcc_ex.o(.text.LL_RCC_SetRFWKPClockSource)
    [Anonymous Symbol]                       0x080027d0   Section        0  stm32wbxx_hal_rcc_ex.o(.text.LL_RCC_SetRFWKPClockSource)
    LL_RCC_SetRNGClockSource                 0x080027f1   Thumb Code    30  stm32wbxx_hal_rcc_ex.o(.text.LL_RCC_SetRNGClockSource)
    [Anonymous Symbol]                       0x080027f0   Section        0  stm32wbxx_hal_rcc_ex.o(.text.LL_RCC_SetRNGClockSource)
    LL_RCC_SetRTCClockSource                 0x08002811   Thumb Code    30  stm32wbxx_hal_rcc_ex.o(.text.LL_RCC_SetRTCClockSource)
    [Anonymous Symbol]                       0x08002810   Section        0  stm32wbxx_hal_rcc_ex.o(.text.LL_RCC_SetRTCClockSource)
    LL_RCC_SetSAIClockSource                 0x08002831   Thumb Code    30  stm32wbxx_hal_rcc_ex.o(.text.LL_RCC_SetSAIClockSource)
    [Anonymous Symbol]                       0x08002830   Section        0  stm32wbxx_hal_rcc_ex.o(.text.LL_RCC_SetSAIClockSource)
    LL_RCC_SetSMPSClockSource                0x08002851   Thumb Code    30  stm32wbxx_hal_rcc_ex.o(.text.LL_RCC_SetSMPSClockSource)
    [Anonymous Symbol]                       0x08002850   Section        0  stm32wbxx_hal_rcc_ex.o(.text.LL_RCC_SetSMPSClockSource)
    LL_RCC_SetSMPSPrescaler                  0x08002871   Thumb Code    30  stm32wbxx_hal_rcc_ex.o(.text.LL_RCC_SetSMPSPrescaler)
    [Anonymous Symbol]                       0x08002870   Section        0  stm32wbxx_hal_rcc_ex.o(.text.LL_RCC_SetSMPSPrescaler)
    LL_RCC_SetSysClkSource                   0x08002891   Thumb Code    30  stm32wbxx_hal_rcc.o(.text.LL_RCC_SetSysClkSource)
    [Anonymous Symbol]                       0x08002890   Section        0  stm32wbxx_hal_rcc.o(.text.LL_RCC_SetSysClkSource)
    LL_RCC_SetUSARTClockSource               0x080028b1   Thumb Code    30  stm32wbxx_hal_rcc_ex.o(.text.LL_RCC_SetUSARTClockSource)
    [Anonymous Symbol]                       0x080028b0   Section        0  stm32wbxx_hal_rcc_ex.o(.text.LL_RCC_SetUSARTClockSource)
    LL_RCC_SetUSBClockSource                 0x080028d1   Thumb Code    20  stm32wbxx_hal_rcc_ex.o(.text.LL_RCC_SetUSBClockSource)
    [Anonymous Symbol]                       0x080028d0   Section        0  stm32wbxx_hal_rcc_ex.o(.text.LL_RCC_SetUSBClockSource)
    [Anonymous Symbol]                       0x080028e4   Section        0  gpio.o(.text.MX_GPIO_Init)
    [Anonymous Symbol]                       0x08002938   Section        0  rtc.o(.text.MX_RTC_Init)
    [Anonymous Symbol]                       0x08002974   Section        0  spi.o(.text.MX_SPI1_Init)
    [Anonymous Symbol]                       0x080029c8   Section        0  stm32wbxx_it.o(.text.MemManage_Handler)
    [Anonymous Symbol]                       0x080029cc   Section        0  stm32wbxx_it.o(.text.NMI_Handler)
    NVIC_EncodePriority                      0x080029d1   Thumb Code   128  stm32wbxx_hal_cortex.o(.text.NVIC_EncodePriority)
    [Anonymous Symbol]                       0x080029d0   Section        0  stm32wbxx_hal_cortex.o(.text.NVIC_EncodePriority)
    [Anonymous Symbol]                       0x08002a50   Section        0  stm32wbxx_it.o(.text.PendSV_Handler)
    [Anonymous Symbol]                       0x08002a54   Section        0  main.o(.text.PeriphCommonClock_Config)
    RCCEx_PLLSAI1_ConfigNP                   0x08002a89   Thumb Code   200  stm32wbxx_hal_rcc_ex.o(.text.RCCEx_PLLSAI1_ConfigNP)
    [Anonymous Symbol]                       0x08002a88   Section        0  stm32wbxx_hal_rcc_ex.o(.text.RCCEx_PLLSAI1_ConfigNP)
    RCCEx_PLLSAI1_ConfigNQ                   0x08002b51   Thumb Code   200  stm32wbxx_hal_rcc_ex.o(.text.RCCEx_PLLSAI1_ConfigNQ)
    [Anonymous Symbol]                       0x08002b50   Section        0  stm32wbxx_hal_rcc_ex.o(.text.RCCEx_PLLSAI1_ConfigNQ)
    RCCEx_PLLSAI1_ConfigNR                   0x08002c19   Thumb Code   200  stm32wbxx_hal_rcc_ex.o(.text.RCCEx_PLLSAI1_ConfigNR)
    [Anonymous Symbol]                       0x08002c18   Section        0  stm32wbxx_hal_rcc_ex.o(.text.RCCEx_PLLSAI1_ConfigNR)
    RCC_SetFlashLatency                      0x08002ce1   Thumb Code   320  stm32wbxx_hal_rcc.o(.text.RCC_SetFlashLatency)
    [Anonymous Symbol]                       0x08002ce0   Section        0  stm32wbxx_hal_rcc.o(.text.RCC_SetFlashLatency)
    RCC_SetFlashLatencyFromMSIRange          0x08002e21   Thumb Code   138  stm32wbxx_hal_rcc.o(.text.RCC_SetFlashLatencyFromMSIRange)
    [Anonymous Symbol]                       0x08002e20   Section        0  stm32wbxx_hal_rcc.o(.text.RCC_SetFlashLatencyFromMSIRange)
    [Anonymous Symbol]                       0x08002eac   Section        0  stm32wbxx_hal_rtc.o(.text.RTC_EnterInitMode)
    [Anonymous Symbol]                       0x08002f3c   Section        0  stm32wbxx_hal_rtc.o(.text.RTC_ExitInitMode)
    [Anonymous Symbol]                       0x08002f8c   Section        0  main.o(.text.RTC_WKUP_IRQHandler)
    [Anonymous Symbol]                       0x08002f9c   Section        0  stm32wbxx_it.o(.text.SPI1_IRQHandler)
    SPI_DMAAbortOnError                      0x08002fad   Thumb Code    38  stm32wbxx_hal_spi.o(.text.SPI_DMAAbortOnError)
    [Anonymous Symbol]                       0x08002fac   Section        0  stm32wbxx_hal_spi.o(.text.SPI_DMAAbortOnError)
    SPI_EndRxTxTransaction                   0x08002fd5   Thumb Code   182  stm32wbxx_hal_spi.o(.text.SPI_EndRxTxTransaction)
    [Anonymous Symbol]                       0x08002fd4   Section        0  stm32wbxx_hal_spi.o(.text.SPI_EndRxTxTransaction)
    SPI_WaitFifoStateUntilTimeout            0x0800308d   Thumb Code   366  stm32wbxx_hal_spi.o(.text.SPI_WaitFifoStateUntilTimeout)
    [Anonymous Symbol]                       0x0800308c   Section        0  stm32wbxx_hal_spi.o(.text.SPI_WaitFifoStateUntilTimeout)
    SPI_WaitFlagStateUntilTimeout            0x080031fd   Thumb Code   328  stm32wbxx_hal_spi.o(.text.SPI_WaitFlagStateUntilTimeout)
    [Anonymous Symbol]                       0x080031fc   Section        0  stm32wbxx_hal_spi.o(.text.SPI_WaitFlagStateUntilTimeout)
    [Anonymous Symbol]                       0x08003344   Section        0  stm32wbxx_it.o(.text.SVC_Handler)
    SysTick_Config                           0x08003349   Thumb Code    90  stm32wbxx_hal_cortex.o(.text.SysTick_Config)
    [Anonymous Symbol]                       0x08003348   Section        0  stm32wbxx_hal_cortex.o(.text.SysTick_Config)
    [Anonymous Symbol]                       0x080033a4   Section        0  stm32wbxx_it.o(.text.SysTick_Handler)
    [Anonymous Symbol]                       0x080033ac   Section        0  main.o(.text.SystemClock_Config)
    [Anonymous Symbol]                       0x08003468   Section        0  system_stm32wbxx.o(.text.SystemInit)
    [Anonymous Symbol]                       0x080034e8   Section        0  stm32wbxx_it.o(.text.UsageFault_Handler)
    __NVIC_EnableIRQ                         0x080034ed   Thumb Code    54  stm32wbxx_hal_cortex.o(.text.__NVIC_EnableIRQ)
    [Anonymous Symbol]                       0x080034ec   Section        0  stm32wbxx_hal_cortex.o(.text.__NVIC_EnableIRQ)
    __NVIC_GetPriorityGrouping               0x08003525   Thumb Code    16  stm32wbxx_hal_cortex.o(.text.__NVIC_GetPriorityGrouping)
    [Anonymous Symbol]                       0x08003524   Section        0  stm32wbxx_hal_cortex.o(.text.__NVIC_GetPriorityGrouping)
    __NVIC_SetPriority                       0x08003535   Thumb Code    74  stm32wbxx_hal_cortex.o(.text.__NVIC_SetPriority)
    [Anonymous Symbol]                       0x08003534   Section        0  stm32wbxx_hal_cortex.o(.text.__NVIC_SetPriority)
    __NVIC_SetPriorityGrouping               0x08003581   Thumb Code    64  stm32wbxx_hal_cortex.o(.text.__NVIC_SetPriorityGrouping)
    [Anonymous Symbol]                       0x08003580   Section        0  stm32wbxx_hal_cortex.o(.text.__NVIC_SetPriorityGrouping)
    [Anonymous Symbol]                       0x080035c0   Section        0  main.o(.text.main)
    i.__scatterload_copy                     0x08003644   Section       14  handlers.o(i.__scatterload_copy)
    i.__scatterload_null                     0x08003652   Section        2  handlers.o(i.__scatterload_null)
    i.__scatterload_zeroinit                 0x08003654   Section       14  handlers.o(i.__scatterload_zeroinit)
    .L__const.RCC_SetFlashLatency.FLASH_CLK_SRC_RANGE_VOS2 0x08003664   Data          12  stm32wbxx_hal_rcc.o(.rodata..L__const.RCC_SetFlashLatency.FLASH_CLK_SRC_RANGE_VOS2)
    .L__const.main.cmd                       0x08003670   Data          20  main.o(.rodata..L__const.main.cmd)
    .L__const.RCC_SetFlashLatency.FLASH_CLK_SRC_RANGE_VOS1 0x08003704   Data          16  stm32wbxx_hal_rcc.o(.rodata.cst16)
    .L__const.RCC_SetFlashLatency.FLASH_LATENCY_RANGE 0x08003714   Data          16  stm32wbxx_hal_rcc.o(.rodata.cst16)
    g_rtc_wakeup_flag                        0x20000018   Data           1  main.o(.bss.g_rtc_wakeup_flag)
    [Anonymous Symbol]                       0x20000018   Section        0  main.o(.bss.g_rtc_wakeup_flag)
    STACK                                    0x200000a8   Section     1024  startup_stm32wb55xx_cm4.o(STACK)

    Global Symbols

    Symbol Name                              Value     Ov Type        Size  Object(Section)

    BuildAttributes$$THM_ISAv4$E$P$D$K$B$S$7EM$VFPi3$EXTD16$VFPS$VFMA$PE$A:L22UL41UL21$X:L11$S22US41US21$IEEE1$IW$~IW$USESV6$~STKCKD$USESV7$~SHL$OSPACE$EBA8$MICROLIB$REQ8$PRES8$EABIv2 0x00000000   Number         0  anon$$obj.o ABSOLUTE
    __cpp_initialize__aeabi_                  - Undefined Weak Reference
    __cxa_finalize                            - Undefined Weak Reference
    __decompress                              - Undefined Weak Reference
    _clock_init                               - Undefined Weak Reference
    _microlib_exit                            - Undefined Weak Reference
    __Vectors_Size                           0x0000013c   Number         0  startup_stm32wb55xx_cm4.o ABSOLUTE
    __Vectors                                0x08000000   Data           4  startup_stm32wb55xx_cm4.o(RESET)
    __Vectors_End                            0x0800013c   Data           0  startup_stm32wb55xx_cm4.o(RESET)
    __main                                   0x0800013d   Thumb Code     0  entry.o(.ARM.Collect$$$$00000000)
    _main_stk                                0x0800013d   Thumb Code     0  entry2.o(.ARM.Collect$$$$00000001)
    _main_scatterload                        0x08000141   Thumb Code     0  entry5.o(.ARM.Collect$$$$00000004)
    __main_after_scatterload                 0x08000145   Thumb Code     0  entry5.o(.ARM.Collect$$$$00000004)
    _main_clock                              0x08000145   Thumb Code     0  entry7b.o(.ARM.Collect$$$$00000008)
    _main_cpp_init                           0x08000145   Thumb Code     0  entry8b.o(.ARM.Collect$$$$0000000A)
    _main_init                               0x08000145   Thumb Code     0  entry9a.o(.ARM.Collect$$$$0000000B)
    __rt_final_cpp                           0x0800014d   Thumb Code     0  entry10a.o(.ARM.Collect$$$$0000000D)
    __rt_final_exit                          0x0800014d   Thumb Code     0  entry11a.o(.ARM.Collect$$$$0000000F)
    Reset_Handler                            0x08000151   Thumb Code     8  startup_stm32wb55xx_cm4.o(.text)
    ADC1_IRQHandler                          0x0800016b   Thumb Code     0  startup_stm32wb55xx_cm4.o(.text)
    AES1_IRQHandler                          0x0800016b   Thumb Code     0  startup_stm32wb55xx_cm4.o(.text)
    AES2_IRQHandler                          0x0800016b   Thumb Code     0  startup_stm32wb55xx_cm4.o(.text)
    C2SEV_PWR_C2H_IRQHandler                 0x0800016b   Thumb Code     0  startup_stm32wb55xx_cm4.o(.text)
    COMP_IRQHandler                          0x0800016b   Thumb Code     0  startup_stm32wb55xx_cm4.o(.text)
    CRS_IRQHandler                           0x0800016b   Thumb Code     0  startup_stm32wb55xx_cm4.o(.text)
    DMA1_Channel1_IRQHandler                 0x0800016b   Thumb Code     0  startup_stm32wb55xx_cm4.o(.text)
    DMA1_Channel2_IRQHandler                 0x0800016b   Thumb Code     0  startup_stm32wb55xx_cm4.o(.text)
    DMA1_Channel3_IRQHandler                 0x0800016b   Thumb Code     0  startup_stm32wb55xx_cm4.o(.text)
    DMA1_Channel4_IRQHandler                 0x0800016b   Thumb Code     0  startup_stm32wb55xx_cm4.o(.text)
    DMA1_Channel5_IRQHandler                 0x0800016b   Thumb Code     0  startup_stm32wb55xx_cm4.o(.text)
    DMA1_Channel6_IRQHandler                 0x0800016b   Thumb Code     0  startup_stm32wb55xx_cm4.o(.text)
    DMA1_Channel7_IRQHandler                 0x0800016b   Thumb Code     0  startup_stm32wb55xx_cm4.o(.text)
    DMA2_Channel1_IRQHandler                 0x0800016b   Thumb Code     0  startup_stm32wb55xx_cm4.o(.text)
    DMA2_Channel2_IRQHandler                 0x0800016b   Thumb Code     0  startup_stm32wb55xx_cm4.o(.text)
    DMA2_Channel3_IRQHandler                 0x0800016b   Thumb Code     0  startup_stm32wb55xx_cm4.o(.text)
    DMA2_Channel4_IRQHandler                 0x0800016b   Thumb Code     0  startup_stm32wb55xx_cm4.o(.text)
    DMA2_Channel5_IRQHandler                 0x0800016b   Thumb Code     0  startup_stm32wb55xx_cm4.o(.text)
    DMA2_Channel6_IRQHandler                 0x0800016b   Thumb Code     0  startup_stm32wb55xx_cm4.o(.text)
    DMA2_Channel7_IRQHandler                 0x0800016b   Thumb Code     0  startup_stm32wb55xx_cm4.o(.text)
    DMAMUX1_OVR_IRQHandler                   0x0800016b   Thumb Code     0  startup_stm32wb55xx_cm4.o(.text)
    EXTI0_IRQHandler                         0x0800016b   Thumb Code     0  startup_stm32wb55xx_cm4.o(.text)
    EXTI15_10_IRQHandler                     0x0800016b   Thumb Code     0  startup_stm32wb55xx_cm4.o(.text)
    EXTI1_IRQHandler                         0x0800016b   Thumb Code     0  startup_stm32wb55xx_cm4.o(.text)
    EXTI2_IRQHandler                         0x0800016b   Thumb Code     0  startup_stm32wb55xx_cm4.o(.text)
    EXTI3_IRQHandler                         0x0800016b   Thumb Code     0  startup_stm32wb55xx_cm4.o(.text)
    EXTI4_IRQHandler                         0x0800016b   Thumb Code     0  startup_stm32wb55xx_cm4.o(.text)
    EXTI9_5_IRQHandler                       0x0800016b   Thumb Code     0  startup_stm32wb55xx_cm4.o(.text)
    FLASH_IRQHandler                         0x0800016b   Thumb Code     0  startup_stm32wb55xx_cm4.o(.text)
    FPU_IRQHandler                           0x0800016b   Thumb Code     0  startup_stm32wb55xx_cm4.o(.text)
    HSEM_IRQHandler                          0x0800016b   Thumb Code     0  startup_stm32wb55xx_cm4.o(.text)
    I2C1_ER_IRQHandler                       0x0800016b   Thumb Code     0  startup_stm32wb55xx_cm4.o(.text)
    I2C1_EV_IRQHandler                       0x0800016b   Thumb Code     0  startup_stm32wb55xx_cm4.o(.text)
    I2C3_ER_IRQHandler                       0x0800016b   Thumb Code     0  startup_stm32wb55xx_cm4.o(.text)
    I2C3_EV_IRQHandler                       0x0800016b   Thumb Code     0  startup_stm32wb55xx_cm4.o(.text)
    IPCC_C1_RX_IRQHandler                    0x0800016b   Thumb Code     0  startup_stm32wb55xx_cm4.o(.text)
    IPCC_C1_TX_IRQHandler                    0x0800016b   Thumb Code     0  startup_stm32wb55xx_cm4.o(.text)
    LCD_IRQHandler                           0x0800016b   Thumb Code     0  startup_stm32wb55xx_cm4.o(.text)
    LPTIM1_IRQHandler                        0x0800016b   Thumb Code     0  startup_stm32wb55xx_cm4.o(.text)
    LPTIM2_IRQHandler                        0x0800016b   Thumb Code     0  startup_stm32wb55xx_cm4.o(.text)
    LPUART1_IRQHandler                       0x0800016b   Thumb Code     0  startup_stm32wb55xx_cm4.o(.text)
    PKA_IRQHandler                           0x0800016b   Thumb Code     0  startup_stm32wb55xx_cm4.o(.text)
    PVD_PVM_IRQHandler                       0x0800016b   Thumb Code     0  startup_stm32wb55xx_cm4.o(.text)
    PWR_SOTF_BLEACT_802ACT_RFPHASE_IRQHandler 0x0800016b   Thumb Code     0  startup_stm32wb55xx_cm4.o(.text)
    QUADSPI_IRQHandler                       0x0800016b   Thumb Code     0  startup_stm32wb55xx_cm4.o(.text)
    RCC_IRQHandler                           0x0800016b   Thumb Code     0  startup_stm32wb55xx_cm4.o(.text)
    RNG_IRQHandler                           0x0800016b   Thumb Code     0  startup_stm32wb55xx_cm4.o(.text)
    RTC_Alarm_IRQHandler                     0x0800016b   Thumb Code     0  startup_stm32wb55xx_cm4.o(.text)
    SAI1_IRQHandler                          0x0800016b   Thumb Code     0  startup_stm32wb55xx_cm4.o(.text)
    SPI2_IRQHandler                          0x0800016b   Thumb Code     0  startup_stm32wb55xx_cm4.o(.text)
    TAMP_STAMP_LSECSS_IRQHandler             0x0800016b   Thumb Code     0  startup_stm32wb55xx_cm4.o(.text)
    TIM1_BRK_IRQHandler                      0x0800016b   Thumb Code     0  startup_stm32wb55xx_cm4.o(.text)
    TIM1_CC_IRQHandler                       0x0800016b   Thumb Code     0  startup_stm32wb55xx_cm4.o(.text)
    TIM1_TRG_COM_TIM17_IRQHandler            0x0800016b   Thumb Code     0  startup_stm32wb55xx_cm4.o(.text)
    TIM1_UP_TIM16_IRQHandler                 0x0800016b   Thumb Code     0  startup_stm32wb55xx_cm4.o(.text)
    TIM2_IRQHandler                          0x0800016b   Thumb Code     0  startup_stm32wb55xx_cm4.o(.text)
    TSC_IRQHandler                           0x0800016b   Thumb Code     0  startup_stm32wb55xx_cm4.o(.text)
    USART1_IRQHandler                        0x0800016b   Thumb Code     0  startup_stm32wb55xx_cm4.o(.text)
    USB_HP_IRQHandler                        0x0800016b   Thumb Code     0  startup_stm32wb55xx_cm4.o(.text)
    USB_LP_IRQHandler                        0x0800016b   Thumb Code     0  startup_stm32wb55xx_cm4.o(.text)
    WWDG_IRQHandler                          0x0800016b   Thumb Code     0  startup_stm32wb55xx_cm4.o(.text)
    __aeabi_memcpy                           0x08000175   Thumb Code    36  memcpya.o(.text)
    __aeabi_memcpy4                          0x08000175   Thumb Code     0  memcpya.o(.text)
    __aeabi_memcpy8                          0x08000175   Thumb Code     0  memcpya.o(.text)
    __aeabi_memset                           0x08000199   Thumb Code    14  memseta.o(.text)
    __aeabi_memset4                          0x08000199   Thumb Code     0  memseta.o(.text)
    __aeabi_memset8                          0x08000199   Thumb Code     0  memseta.o(.text)
    __aeabi_memclr                           0x080001a7   Thumb Code     4  memseta.o(.text)
    __aeabi_memclr4                          0x080001a7   Thumb Code     0  memseta.o(.text)
    __aeabi_memclr8                          0x080001a7   Thumb Code     0  memseta.o(.text)
    _memset$wrapper                          0x080001ab   Thumb Code    18  memseta.o(.text)
    __scatterload                            0x080001bd   Thumb Code    28  init.o(.text)
    __scatterload_rt2                        0x080001bd   Thumb Code     0  init.o(.text)
    BusFault_Handler                         0x080001e1   Thumb Code     4  stm32wbxx_it.o(.text.BusFault_Handler)
    DebugMon_Handler                         0x080001e5   Thumb Code     2  stm32wbxx_it.o(.text.DebugMon_Handler)
    Error_Handler                            0x080001e9   Thumb Code    14  main.o(.text.Error_Handler)
    HAL_DMA_Abort_IT                         0x080001f9   Thumb Code   184  stm32wbxx_hal_dma.o(.text.HAL_DMA_Abort_IT)
    HAL_Delay                                0x080002b1   Thumb Code    78  stm32wbxx_hal.o(.text.HAL_Delay)
    HAL_GPIO_Init                            0x08000301   Thumb Code   834  stm32wbxx_hal_gpio.o(.text.HAL_GPIO_Init)
    HAL_GPIO_WritePin                        0x08000645   Thumb Code    64  stm32wbxx_hal_gpio.o(.text.HAL_GPIO_WritePin)
    HAL_GetTick                              0x08000685   Thumb Code    12  stm32wbxx_hal.o(.text.HAL_GetTick)
    HAL_GetTickPrio                          0x08000691   Thumb Code    12  stm32wbxx_hal.o(.text.HAL_GetTickPrio)
    HAL_IncTick                              0x0800069d   Thumb Code    26  stm32wbxx_hal.o(.text.HAL_IncTick)
    HAL_Init                                 0x080006b9   Thumb Code    66  stm32wbxx_hal.o(.text.HAL_Init)
    HAL_InitTick                             0x080006fd   Thumb Code   140  stm32wbxx_hal.o(.text.HAL_InitTick)
    HAL_MspInit                              0x08000789   Thumb Code     2  stm32wbxx_hal_msp.o(.text.HAL_MspInit)
    HAL_NVIC_EnableIRQ                       0x0800078d   Thumb Code    24  stm32wbxx_hal_cortex.o(.text.HAL_NVIC_EnableIRQ)
    HAL_NVIC_SetPriority                     0x080007a5   Thumb Code    72  stm32wbxx_hal_cortex.o(.text.HAL_NVIC_SetPriority)
    HAL_NVIC_SetPriorityGrouping             0x080007ed   Thumb Code    20  stm32wbxx_hal_cortex.o(.text.HAL_NVIC_SetPriorityGrouping)
    HAL_PWREx_GetVoltageRange                0x08000801   Thumb Code    16  stm32wbxx_hal_pwr_ex.o(.text.HAL_PWREx_GetVoltageRange)
    HAL_PWR_EnableBkUpAccess                 0x08000811   Thumb Code    18  stm32wbxx_hal_pwr.o(.text.HAL_PWR_EnableBkUpAccess)
    HAL_RCCEx_PeriphCLKConfig                0x08000825   Thumb Code   832  stm32wbxx_hal_rcc_ex.o(.text.HAL_RCCEx_PeriphCLKConfig)
    HAL_RCC_ClockConfig                      0x08000b65   Thumb Code   812  stm32wbxx_hal_rcc.o(.text.HAL_RCC_ClockConfig)
    HAL_RCC_GetHCLKFreq                      0x08000e91   Thumb Code    44  stm32wbxx_hal_rcc.o(.text.HAL_RCC_GetHCLKFreq)
    HAL_RCC_GetSysClockFreq                  0x08000ebd   Thumb Code   290  stm32wbxx_hal_rcc.o(.text.HAL_RCC_GetSysClockFreq)
    HAL_RCC_OscConfig                        0x08000fe1   Thumb Code  2168  stm32wbxx_hal_rcc.o(.text.HAL_RCC_OscConfig)
    HAL_RTCEx_WakeUpTimerEventCallback       0x08001859   Thumb Code    24  main.o(.text.HAL_RTCEx_WakeUpTimerEventCallback)
    HAL_RTCEx_WakeUpTimerIRQHandler          0x08001871   Thumb Code    84  stm32wbxx_hal_rtc_ex.o(.text.HAL_RTCEx_WakeUpTimerIRQHandler)
    HAL_RTC_Init                             0x080018c5   Thumb Code   294  stm32wbxx_hal_rtc.o(.text.HAL_RTC_Init)
    HAL_RTC_MspInit                          0x080019ed   Thumb Code    86  rtc.o(.text.HAL_RTC_MspInit)
    HAL_RTC_WaitForSynchro                   0x08001a45   Thumb Code    96  stm32wbxx_hal_rtc.o(.text.HAL_RTC_WaitForSynchro)
    HAL_SPI_ErrorCallback                    0x08001aa5   Thumb Code    12  stm32wbxx_hal_spi.o(.text.HAL_SPI_ErrorCallback)
    HAL_SPI_IRQHandler                       0x08001ab1   Thumb Code   584  stm32wbxx_hal_spi.o(.text.HAL_SPI_IRQHandler)
    HAL_SPI_Init                             0x08001cf9   Thumb Code   328  stm32wbxx_hal_spi.o(.text.HAL_SPI_Init)
    HAL_SPI_MspInit                          0x08001e41   Thumb Code   158  spi.o(.text.HAL_SPI_MspInit)
    HAL_SPI_Transmit                         0x08001ee1   Thumb Code   818  stm32wbxx_hal_spi.o(.text.HAL_SPI_Transmit)
    HAL_SYSTICK_Config                       0x08002215   Thumb Code    20  stm32wbxx_hal_cortex.o(.text.HAL_SYSTICK_Config)
    HardFault_Handler                        0x08002229   Thumb Code     4  stm32wbxx_it.o(.text.HardFault_Handler)
    MX_GPIO_Init                             0x080028e5   Thumb Code    84  gpio.o(.text.MX_GPIO_Init)
    MX_RTC_Init                              0x08002939   Thumb Code    58  rtc.o(.text.MX_RTC_Init)
    MX_SPI1_Init                             0x08002975   Thumb Code    82  spi.o(.text.MX_SPI1_Init)
    MemManage_Handler                        0x080029c9   Thumb Code     4  stm32wbxx_it.o(.text.MemManage_Handler)
    NMI_Handler                              0x080029cd   Thumb Code     4  stm32wbxx_it.o(.text.NMI_Handler)
    PendSV_Handler                           0x08002a51   Thumb Code     2  stm32wbxx_it.o(.text.PendSV_Handler)
    PeriphCommonClock_Config                 0x08002a55   Thumb Code    50  main.o(.text.PeriphCommonClock_Config)
    RTC_EnterInitMode                        0x08002ead   Thumb Code   142  stm32wbxx_hal_rtc.o(.text.RTC_EnterInitMode)
    RTC_ExitInitMode                         0x08002f3d   Thumb Code    80  stm32wbxx_hal_rtc.o(.text.RTC_ExitInitMode)
    RTC_WKUP_IRQHandler                      0x08002f8d   Thumb Code    16  main.o(.text.RTC_WKUP_IRQHandler)
    SPI1_IRQHandler                          0x08002f9d   Thumb Code    16  stm32wbxx_it.o(.text.SPI1_IRQHandler)
    SVC_Handler                              0x08003345   Thumb Code     2  stm32wbxx_it.o(.text.SVC_Handler)
    SysTick_Handler                          0x080033a5   Thumb Code     8  stm32wbxx_it.o(.text.SysTick_Handler)
    SystemClock_Config                       0x080033ad   Thumb Code   186  main.o(.text.SystemClock_Config)
    SystemInit                               0x08003469   Thumb Code   126  system_stm32wbxx.o(.text.SystemInit)
    UsageFault_Handler                       0x080034e9   Thumb Code     4  stm32wbxx_it.o(.text.UsageFault_Handler)
    main                                     0x080035c1   Thumb Code   132  main.o(.text.main)
    __scatterload_copy                       0x08003645   Thumb Code    14  handlers.o(i.__scatterload_copy)
    __scatterload_null                       0x08003653   Thumb Code     2  handlers.o(i.__scatterload_null)
    __scatterload_zeroinit                   0x08003655   Thumb Code    14  handlers.o(i.__scatterload_zeroinit)
    AHBPrescTable                            0x08003684   Data          64  system_stm32wbxx.o(.rodata.AHBPrescTable)
    MSIRangeTable                            0x080036c4   Data          64  system_stm32wbxx.o(.rodata.MSIRangeTable)
    Region$$Table$$Base                      0x08003724   Number         0  anon$$obj.o(Region$$Table)
    Region$$Table$$Limit                     0x08003744   Number         0  anon$$obj.o(Region$$Table)
    SystemCoreClock                          0x20000008   Data           4  system_stm32wbxx.o(.data.SystemCoreClock)
    uwTickFreq                               0x2000000c   Data           1  stm32wbxx_hal.o(.data.uwTickFreq)
    uwTickPrio                               0x20000010   Data           4  stm32wbxx_hal.o(.data.uwTickPrio)
    hrtc                                     0x2000001c   Data          36  rtc.o(.bss.hrtc)
    hspi1                                    0x20000040   Data         100  spi.o(.bss.hspi1)
    uwTick                                   0x200000a4   Data           4  stm32wbxx_hal.o(.bss.uwTick)
    __initial_sp                             0x200004a8   Data           0  startup_stm32wb55xx_cm4.o(STACK)



==============================================================================

Memory Map of the image

  Image Entry point : 0x0800013d

  Load Region LR_IROM1 (Base: 0x08000000, Size: 0x00003758, Max: 0x00080000, ABSOLUTE)

    Execution Region ER_IROM1 (Exec base: 0x08000000, Load base: 0x08000000, Size: 0x00003744, Max: 0x00080000, ABSOLUTE)

    Exec Addr    Load Addr    Size         Type   Attr      Idx    E Section Name        Object

    0x08000000   0x08000000   0x0000013c   Data   RO            3    RESET               startup_stm32wb55xx_cm4.o
    0x0800013c   0x0800013c   0x00000000   Code   RO         1473  * .ARM.Collect$$$$00000000  mc_w.l(entry.o)
    0x0800013c   0x0800013c   0x00000004   Code   RO         1482    .ARM.Collect$$$$00000001  mc_w.l(entry2.o)
    0x08000140   0x08000140   0x00000004   Code   RO         1485    .ARM.Collect$$$$00000004  mc_w.l(entry5.o)
    0x08000144   0x08000144   0x00000000   Code   RO         1487    .ARM.Collect$$$$00000008  mc_w.l(entry7b.o)
    0x08000144   0x08000144   0x00000000   Code   RO         1489    .ARM.Collect$$$$0000000A  mc_w.l(entry8b.o)
    0x08000144   0x08000144   0x00000008   Code   RO         1490    .ARM.Collect$$$$0000000B  mc_w.l(entry9a.o)
    0x0800014c   0x0800014c   0x00000000   Code   RO         1492    .ARM.Collect$$$$0000000D  mc_w.l(entry10a.o)
    0x0800014c   0x0800014c   0x00000000   Code   RO         1494    .ARM.Collect$$$$0000000F  mc_w.l(entry11a.o)
    0x0800014c   0x0800014c   0x00000004   Code   RO         1483    .ARM.Collect$$$$00002712  mc_w.l(entry2.o)
    0x08000150   0x08000150   0x00000024   Code   RO            4    .text               startup_stm32wb55xx_cm4.o
    0x08000174   0x08000174   0x00000024   Code   RO         1476    .text               mc_w.l(memcpya.o)
    0x08000198   0x08000198   0x00000024   Code   RO         1478    .text               mc_w.l(memseta.o)
    0x080001bc   0x080001bc   0x00000024   Code   RO         1496    .text               mc_w.l(init.o)
    0x080001e0   0x080001e0   0x00000004   Code   RO          103    .text.BusFault_Handler  stm32wbxx_it.o
    0x080001e4   0x080001e4   0x00000002   Code   RO          109    .text.DebugMon_Handler  stm32wbxx_it.o
    0x080001e6   0x080001e6   0x00000002   PAD
    0x080001e8   0x080001e8   0x0000000e   Code   RO           19    .text.Error_Handler  main.o
    0x080001f6   0x080001f6   0x00000002   PAD
    0x080001f8   0x080001f8   0x000000b8   Code   RO          665    .text.HAL_DMA_Abort_IT  stm32wbxx_hal_dma.o
    0x080002b0   0x080002b0   0x0000004e   Code   RO         1043    .text.HAL_Delay     stm32wbxx_hal.o
    0x080002fe   0x080002fe   0x00000002   PAD
    0x08000300   0x08000300   0x00000342   Code   RO          622    .text.HAL_GPIO_Init  stm32wbxx_hal_gpio.o
    0x08000642   0x08000642   0x00000002   PAD
    0x08000644   0x08000644   0x00000040   Code   RO          628    .text.HAL_GPIO_WritePin  stm32wbxx_hal_gpio.o
    0x08000684   0x08000684   0x0000000c   Code   RO         1035    .text.HAL_GetTick   stm32wbxx_hal.o
    0x08000690   0x08000690   0x0000000c   Code   RO         1037    .text.HAL_GetTickPrio  stm32wbxx_hal.o
    0x0800069c   0x0800069c   0x0000001a   Code   RO         1033    .text.HAL_IncTick   stm32wbxx_hal.o
    0x080006b6   0x080006b6   0x00000002   PAD
    0x080006b8   0x080006b8   0x00000042   Code   RO          995    .text.HAL_Init      stm32wbxx_hal.o
    0x080006fa   0x080006fa   0x00000002   PAD
    0x080006fc   0x080006fc   0x0000008c   Code   RO          997    .text.HAL_InitTick  stm32wbxx_hal.o
    0x08000788   0x08000788   0x00000002   Code   RO          125    .text.HAL_MspInit   stm32wbxx_hal_msp.o
    0x0800078a   0x0800078a   0x00000002   PAD
    0x0800078c   0x0800078c   0x00000018   Code   RO          935    .text.HAL_NVIC_EnableIRQ  stm32wbxx_hal_cortex.o
    0x080007a4   0x080007a4   0x00000048   Code   RO          927    .text.HAL_NVIC_SetPriority  stm32wbxx_hal_cortex.o
    0x080007ec   0x080007ec   0x00000014   Code   RO          923    .text.HAL_NVIC_SetPriorityGrouping  stm32wbxx_hal_cortex.o
    0x08000800   0x08000800   0x00000010   Code   RO          759    .text.HAL_PWREx_GetVoltageRange  stm32wbxx_hal_pwr_ex.o
    0x08000810   0x08000810   0x00000012   Code   RO          707    .text.HAL_PWR_EnableBkUpAccess  stm32wbxx_hal_pwr.o
    0x08000822   0x08000822   0x00000002   PAD
    0x08000824   0x08000824   0x00000340   Code   RO          295    .text.HAL_RCCEx_PeriphCLKConfig  stm32wbxx_hal_rcc_ex.o
    0x08000b64   0x08000b64   0x0000032c   Code   RO          212    .text.HAL_RCC_ClockConfig  stm32wbxx_hal_rcc.o
    0x08000e90   0x08000e90   0x0000002c   Code   RO          162    .text.HAL_RCC_GetHCLKFreq  stm32wbxx_hal_rcc.o
    0x08000ebc   0x08000ebc   0x00000122   Code   RO          240    .text.HAL_RCC_GetSysClockFreq  stm32wbxx_hal_rcc.o
    0x08000fde   0x08000fde   0x00000002   PAD
    0x08000fe0   0x08000fe0   0x00000878   Code   RO          152    .text.HAL_RCC_OscConfig  stm32wbxx_hal_rcc.o
    0x08001858   0x08001858   0x00000018   Code   RO           29    .text.HAL_RTCEx_WakeUpTimerEventCallback  main.o
    0x08001870   0x08001870   0x00000054   Code   RO         1290    .text.HAL_RTCEx_WakeUpTimerIRQHandler  stm32wbxx_hal_rtc_ex.o
    0x080018c4   0x080018c4   0x00000126   Code   RO         1186    .text.HAL_RTC_Init  stm32wbxx_hal_rtc.o
    0x080019ea   0x080019ea   0x00000002   PAD
    0x080019ec   0x080019ec   0x00000056   Code   RO           55    .text.HAL_RTC_MspInit  rtc.o
    0x08001a42   0x08001a42   0x00000002   PAD
    0x08001a44   0x08001a44   0x00000060   Code   RO         1224    .text.HAL_RTC_WaitForSynchro  stm32wbxx_hal_rtc.o
    0x08001aa4   0x08001aa4   0x0000000c   Code   RO         1416    .text.HAL_SPI_ErrorCallback  stm32wbxx_hal_spi.o
    0x08001ab0   0x08001ab0   0x00000248   Code   RO         1412    .text.HAL_SPI_IRQHandler  stm32wbxx_hal_spi.o
    0x08001cf8   0x08001cf8   0x00000148   Code   RO         1328    .text.HAL_SPI_Init  stm32wbxx_hal_spi.o
    0x08001e40   0x08001e40   0x0000009e   Code   RO           78    .text.HAL_SPI_MspInit  spi.o
    0x08001ede   0x08001ede   0x00000002   PAD
    0x08001ee0   0x08001ee0   0x00000332   Code   RO         1336    .text.HAL_SPI_Transmit  stm32wbxx_hal_spi.o
    0x08002212   0x08002212   0x00000002   PAD
    0x08002214   0x08002214   0x00000014   Code   RO          947    .text.HAL_SYSTICK_Config  stm32wbxx_hal_cortex.o
    0x08002228   0x08002228   0x00000004   Code   RO           99    .text.HardFault_Handler  stm32wbxx_it.o
    0x0800222c   0x0800222c   0x00000026   Code   RO           43    .text.LL_AHB2_GRP1_EnableClock  gpio.o
    0x08002252   0x08002252   0x00000002   PAD
    0x08002254   0x08002254   0x00000026   Code   RO           82    .text.LL_AHB2_GRP1_EnableClock  spi.o
    0x0800227a   0x0800227a   0x00000002   PAD
    0x0800227c   0x0800227c   0x00000026   Code   RO           59    .text.LL_APB1_GRP1_EnableClock  rtc.o
    0x080022a2   0x080022a2   0x00000002   PAD
    0x080022a4   0x080022a4   0x00000026   Code   RO           80    .text.LL_APB2_GRP1_EnableClock  spi.o
    0x080022ca   0x080022ca   0x00000002   PAD
    0x080022cc   0x080022cc   0x00000020   Code   RO          218    .text.LL_C2_RCC_SetAHBPrescaler  stm32wbxx_hal_rcc.o
    0x080022ec   0x080022ec   0x00000010   Code   RO           57    .text.LL_RCC_EnableRTC  rtc.o
    0x080022fc   0x080022fc   0x00000010   Code   RO          305    .text.LL_RCC_ForceBackupDomainReset  stm32wbxx_hal_rcc_ex.o
    0x0800230c   0x0800230c   0x00000012   Code   RO          258    .text.LL_RCC_GetAHB4Prescaler  stm32wbxx_hal_rcc.o
    0x0800231e   0x0800231e   0x00000002   PAD
    0x08002320   0x08002320   0x0000000e   Code   RO          250    .text.LL_RCC_GetAHBPrescaler  stm32wbxx_hal_rcc.o
    0x0800232e   0x0800232e   0x00000002   PAD
    0x08002330   0x08002330   0x0000000e   Code   RO          301    .text.LL_RCC_GetRTCClockSource  stm32wbxx_hal_rcc_ex.o
    0x0800233e   0x0800233e   0x00000002   PAD
    0x08002340   0x08002340   0x0000000e   Code   RO          154    .text.LL_RCC_GetSysClkSource  stm32wbxx_hal_rcc.o
    0x0800234e   0x0800234e   0x00000002   PAD
    0x08002350   0x08002350   0x0000000e   Code   RO          168    .text.LL_RCC_HSE_Disable  stm32wbxx_hal_rcc.o
    0x0800235e   0x0800235e   0x00000002   PAD
    0x08002360   0x08002360   0x0000000e   Code   RO          166    .text.LL_RCC_HSE_Enable  stm32wbxx_hal_rcc.o
    0x0800236e   0x0800236e   0x00000002   PAD
    0x08002370   0x08002370   0x0000000c   Code   RO          242    .text.LL_RCC_HSE_IsEnabledDiv2  stm32wbxx_hal_rcc.o
    0x0800237c   0x0800237c   0x0000000c   Code   RO          170    .text.LL_RCC_HSE_IsReady  stm32wbxx_hal_rcc.o
    0x08002388   0x08002388   0x00000010   Code   RO          206    .text.LL_RCC_HSI48_Disable  stm32wbxx_hal_rcc.o
    0x08002398   0x08002398   0x00000010   Code   RO          202    .text.LL_RCC_HSI48_Enable  stm32wbxx_hal_rcc.o
    0x080023a8   0x080023a8   0x0000000e   Code   RO          204    .text.LL_RCC_HSI48_IsReady  stm32wbxx_hal_rcc.o
    0x080023b6   0x080023b6   0x00000002   PAD
    0x080023b8   0x080023b8   0x0000000e   Code   RO          176    .text.LL_RCC_HSI_Disable  stm32wbxx_hal_rcc.o
    0x080023c6   0x080023c6   0x00000002   PAD
    0x080023c8   0x080023c8   0x0000000e   Code   RO          172    .text.LL_RCC_HSI_Enable  stm32wbxx_hal_rcc.o
    0x080023d6   0x080023d6   0x00000002   PAD
    0x080023d8   0x080023d8   0x0000000c   Code   RO          174    .text.LL_RCC_HSI_IsReady  stm32wbxx_hal_rcc.o
    0x080023e4   0x080023e4   0x00000020   Code   RO          146    .text.LL_RCC_HSI_SetCalibTrimming  stm32wbxx_hal_rcc.o
    0x08002404   0x08002404   0x00000010   Code   RO          220    .text.LL_RCC_IsActiveFlag_C2HPRE  stm32wbxx_hal_rcc.o
    0x08002414   0x08002414   0x0000000e   Code   RO          216    .text.LL_RCC_IsActiveFlag_HPRE  stm32wbxx_hal_rcc.o
    0x08002422   0x08002422   0x00000002   PAD
    0x08002424   0x08002424   0x0000000e   Code   RO          228    .text.LL_RCC_IsActiveFlag_PPRE1  stm32wbxx_hal_rcc.o
    0x08002432   0x08002432   0x00000002   PAD
    0x08002434   0x08002434   0x0000000e   Code   RO          232    .text.LL_RCC_IsActiveFlag_PPRE2  stm32wbxx_hal_rcc.o
    0x08002442   0x08002442   0x00000002   PAD
    0x08002444   0x08002444   0x00000010   Code   RO          224    .text.LL_RCC_IsActiveFlag_SHDHPRE  stm32wbxx_hal_rcc.o
    0x08002454   0x08002454   0x00000010   Code   RO          196    .text.LL_RCC_LSE_Disable  stm32wbxx_hal_rcc.o
    0x08002464   0x08002464   0x00000010   Code   RO          198    .text.LL_RCC_LSE_DisableBypass  stm32wbxx_hal_rcc.o
    0x08002474   0x08002474   0x00000010   Code   RO          192    .text.LL_RCC_LSE_Enable  stm32wbxx_hal_rcc.o
    0x08002484   0x08002484   0x00000010   Code   RO          194    .text.LL_RCC_LSE_EnableBypass  stm32wbxx_hal_rcc.o
    0x08002494   0x08002494   0x0000000e   Code   RO          309    .text.LL_RCC_LSE_IsEnabled  stm32wbxx_hal_rcc_ex.o
    0x080024a2   0x080024a2   0x00000002   PAD
    0x080024a4   0x080024a4   0x0000000e   Code   RO          200    .text.LL_RCC_LSE_IsReady  stm32wbxx_hal_rcc.o
    0x080024b2   0x080024b2   0x00000002   PAD
    0x080024b4   0x080024b4   0x0000000e   Code   RO          311    .text.LL_RCC_LSE_IsReady  stm32wbxx_hal_rcc_ex.o
    0x080024c2   0x080024c2   0x00000002   PAD
    0x080024c4   0x080024c4   0x0000001e   Code   RO           17    .text.LL_RCC_LSE_SetDriveCapability  main.o
    0x080024e2   0x080024e2   0x00000002   PAD
    0x080024e4   0x080024e4   0x00000010   Code   RO          188    .text.LL_RCC_LSI1_Disable  stm32wbxx_hal_rcc.o
    0x080024f4   0x080024f4   0x00000010   Code   RO          180    .text.LL_RCC_LSI1_Enable  stm32wbxx_hal_rcc.o
    0x08002504   0x08002504   0x0000000e   Code   RO          178    .text.LL_RCC_LSI1_IsReady  stm32wbxx_hal_rcc.o
    0x08002512   0x08002512   0x00000002   PAD
    0x08002514   0x08002514   0x00000010   Code   RO          190    .text.LL_RCC_LSI2_Disable  stm32wbxx_hal_rcc.o
    0x08002524   0x08002524   0x00000010   Code   RO          182    .text.LL_RCC_LSI2_Enable  stm32wbxx_hal_rcc.o
    0x08002534   0x08002534   0x0000000e   Code   RO          184    .text.LL_RCC_LSI2_IsReady  stm32wbxx_hal_rcc.o
    0x08002542   0x08002542   0x00000002   PAD
    0x08002544   0x08002544   0x00000020   Code   RO          186    .text.LL_RCC_LSI2_SetTrimming  stm32wbxx_hal_rcc.o
    0x08002564   0x08002564   0x0000000e   Code   RO          164    .text.LL_RCC_MSI_Disable  stm32wbxx_hal_rcc.o
    0x08002572   0x08002572   0x00000002   PAD
    0x08002574   0x08002574   0x0000000e   Code   RO          138    .text.LL_RCC_MSI_Enable  stm32wbxx_hal_rcc.o
    0x08002582   0x08002582   0x00000002   PAD
    0x08002584   0x08002584   0x00000022   Code   RO          158    .text.LL_RCC_MSI_GetRange  stm32wbxx_hal_rcc.o
    0x080025a6   0x080025a6   0x00000002   PAD
    0x080025a8   0x080025a8   0x0000000c   Code   RO          140    .text.LL_RCC_MSI_IsReady  stm32wbxx_hal_rcc.o
    0x080025b4   0x080025b4   0x00000020   Code   RO          144    .text.LL_RCC_MSI_SetCalibTrimming  stm32wbxx_hal_rcc.o
    0x080025d4   0x080025d4   0x0000001c   Code   RO          142    .text.LL_RCC_MSI_SetRange  stm32wbxx_hal_rcc.o
    0x080025f0   0x080025f0   0x0000000e   Code   RO          415    .text.LL_RCC_PLLSAI1_Disable  stm32wbxx_hal_rcc_ex.o
    0x080025fe   0x080025fe   0x00000002   PAD
    0x08002600   0x08002600   0x0000000e   Code   RO          417    .text.LL_RCC_PLLSAI1_Enable  stm32wbxx_hal_rcc_ex.o
    0x0800260e   0x0800260e   0x00000002   PAD
    0x08002610   0x08002610   0x0000000c   Code   RO          379    .text.LL_RCC_PLLSAI1_IsReady  stm32wbxx_hal_rcc_ex.o
    0x0800261c   0x0800261c   0x0000000e   Code   RO          208    .text.LL_RCC_PLL_Disable  stm32wbxx_hal_rcc.o
    0x0800262a   0x0800262a   0x00000002   PAD
    0x0800262c   0x0800262c   0x0000000e   Code   RO          210    .text.LL_RCC_PLL_Enable  stm32wbxx_hal_rcc.o
    0x0800263a   0x0800263a   0x00000002   PAD
    0x0800263c   0x0800263c   0x0000000e   Code   RO          246    .text.LL_RCC_PLL_GetDivider  stm32wbxx_hal_rcc.o
    0x0800264a   0x0800264a   0x00000002   PAD
    0x0800264c   0x0800264c   0x0000000e   Code   RO          156    .text.LL_RCC_PLL_GetMainSource  stm32wbxx_hal_rcc.o
    0x0800265a   0x0800265a   0x00000002   PAD
    0x0800265c   0x0800265c   0x0000000e   Code   RO          244    .text.LL_RCC_PLL_GetN  stm32wbxx_hal_rcc.o
    0x0800266a   0x0800266a   0x00000002   PAD
    0x0800266c   0x0800266c   0x0000000e   Code   RO          248    .text.LL_RCC_PLL_GetR  stm32wbxx_hal_rcc.o
    0x0800267a   0x0800267a   0x00000002   PAD
    0x0800267c   0x0800267c   0x0000000c   Code   RO          148    .text.LL_RCC_PLL_IsReady  stm32wbxx_hal_rcc.o
    0x08002688   0x08002688   0x00000010   Code   RO          307    .text.LL_RCC_ReleaseBackupDomainReset  stm32wbxx_hal_rcc_ex.o
    0x08002698   0x08002698   0x0000001e   Code   RO          329    .text.LL_RCC_SetADCClockSource  stm32wbxx_hal_rcc_ex.o
    0x080026b6   0x080026b6   0x00000002   PAD
    0x080026b8   0x080026b8   0x00000022   Code   RO          222    .text.LL_RCC_SetAHB4Prescaler  stm32wbxx_hal_rcc.o
    0x080026da   0x080026da   0x00000002   PAD
    0x080026dc   0x080026dc   0x0000001e   Code   RO          214    .text.LL_RCC_SetAHBPrescaler  stm32wbxx_hal_rcc.o
    0x080026fa   0x080026fa   0x00000002   PAD
    0x080026fc   0x080026fc   0x0000001e   Code   RO          226    .text.LL_RCC_SetAPB1Prescaler  stm32wbxx_hal_rcc.o
    0x0800271a   0x0800271a   0x00000002   PAD
    0x0800271c   0x0800271c   0x0000001e   Code   RO          230    .text.LL_RCC_SetAPB2Prescaler  stm32wbxx_hal_rcc.o
    0x0800273a   0x0800273a   0x00000002   PAD
    0x0800273c   0x0800273c   0x0000001e   Code   RO          327    .text.LL_RCC_SetCLK48ClockSource  stm32wbxx_hal_rcc_ex.o
    0x0800275a   0x0800275a   0x00000002   PAD
    0x0800275c   0x0800275c   0x0000002c   Code   RO          319    .text.LL_RCC_SetI2CClockSource  stm32wbxx_hal_rcc_ex.o
    0x08002788   0x08002788   0x00000028   Code   RO          317    .text.LL_RCC_SetLPTIMClockSource  stm32wbxx_hal_rcc_ex.o
    0x080027b0   0x080027b0   0x0000001e   Code   RO          315    .text.LL_RCC_SetLPUARTClockSource  stm32wbxx_hal_rcc_ex.o
    0x080027ce   0x080027ce   0x00000002   PAD
    0x080027d0   0x080027d0   0x0000001e   Code   RO          333    .text.LL_RCC_SetRFWKPClockSource  stm32wbxx_hal_rcc_ex.o
    0x080027ee   0x080027ee   0x00000002   PAD
    0x080027f0   0x080027f0   0x0000001e   Code   RO          325    .text.LL_RCC_SetRNGClockSource  stm32wbxx_hal_rcc_ex.o
    0x0800280e   0x0800280e   0x00000002   PAD
    0x08002810   0x08002810   0x0000001e   Code   RO          303    .text.LL_RCC_SetRTCClockSource  stm32wbxx_hal_rcc_ex.o
    0x0800282e   0x0800282e   0x00000002   PAD
    0x08002830   0x08002830   0x0000001e   Code   RO          299    .text.LL_RCC_SetSAIClockSource  stm32wbxx_hal_rcc_ex.o
    0x0800284e   0x0800284e   0x00000002   PAD
    0x08002850   0x08002850   0x0000001e   Code   RO          337    .text.LL_RCC_SetSMPSClockSource  stm32wbxx_hal_rcc_ex.o
    0x0800286e   0x0800286e   0x00000002   PAD
    0x08002870   0x08002870   0x0000001e   Code   RO          335    .text.LL_RCC_SetSMPSPrescaler  stm32wbxx_hal_rcc_ex.o
    0x0800288e   0x0800288e   0x00000002   PAD
    0x08002890   0x08002890   0x0000001e   Code   RO          234    .text.LL_RCC_SetSysClkSource  stm32wbxx_hal_rcc.o
    0x080028ae   0x080028ae   0x00000002   PAD
    0x080028b0   0x080028b0   0x0000001e   Code   RO          313    .text.LL_RCC_SetUSARTClockSource  stm32wbxx_hal_rcc_ex.o
    0x080028ce   0x080028ce   0x00000002   PAD
    0x080028d0   0x080028d0   0x00000014   Code   RO          321    .text.LL_RCC_SetUSBClockSource  stm32wbxx_hal_rcc_ex.o
    0x080028e4   0x080028e4   0x00000054   Code   RO           41    .text.MX_GPIO_Init  gpio.o
    0x08002938   0x08002938   0x0000003a   Code   RO           53    .text.MX_RTC_Init   rtc.o
    0x08002972   0x08002972   0x00000002   PAD
    0x08002974   0x08002974   0x00000052   Code   RO           76    .text.MX_SPI1_Init  spi.o
    0x080029c6   0x080029c6   0x00000002   PAD
    0x080029c8   0x080029c8   0x00000004   Code   RO          101    .text.MemManage_Handler  stm32wbxx_it.o
    0x080029cc   0x080029cc   0x00000004   Code   RO           97    .text.NMI_Handler   stm32wbxx_it.o
    0x080029d0   0x080029d0   0x00000080   Code   RO          933    .text.NVIC_EncodePriority  stm32wbxx_hal_cortex.o
    0x08002a50   0x08002a50   0x00000002   Code   RO          111    .text.PendSV_Handler  stm32wbxx_it.o
    0x08002a52   0x08002a52   0x00000002   PAD
    0x08002a54   0x08002a54   0x00000032   Code   RO           15    .text.PeriphCommonClock_Config  main.o
    0x08002a86   0x08002a86   0x00000002   PAD
    0x08002a88   0x08002a88   0x000000c8   Code   RO          297    .text.RCCEx_PLLSAI1_ConfigNP  stm32wbxx_hal_rcc_ex.o
    0x08002b50   0x08002b50   0x000000c8   Code   RO          323    .text.RCCEx_PLLSAI1_ConfigNQ  stm32wbxx_hal_rcc_ex.o
    0x08002c18   0x08002c18   0x000000c8   Code   RO          331    .text.RCCEx_PLLSAI1_ConfigNR  stm32wbxx_hal_rcc_ex.o
    0x08002ce0   0x08002ce0   0x00000140   Code   RO          282    .text.RCC_SetFlashLatency  stm32wbxx_hal_rcc.o
    0x08002e20   0x08002e20   0x0000008a   Code   RO          160    .text.RCC_SetFlashLatencyFromMSIRange  stm32wbxx_hal_rcc.o
    0x08002eaa   0x08002eaa   0x00000002   PAD
    0x08002eac   0x08002eac   0x0000008e   Code   RO         1190    .text.RTC_EnterInitMode  stm32wbxx_hal_rtc.o
    0x08002f3a   0x08002f3a   0x00000002   PAD
    0x08002f3c   0x08002f3c   0x00000050   Code   RO         1192    .text.RTC_ExitInitMode  stm32wbxx_hal_rtc.o
    0x08002f8c   0x08002f8c   0x00000010   Code   RO           27    .text.RTC_WKUP_IRQHandler  main.o
    0x08002f9c   0x08002f9c   0x00000010   Code   RO          115    .text.SPI1_IRQHandler  stm32wbxx_it.o
    0x08002fac   0x08002fac   0x00000026   Code   RO         1414    .text.SPI_DMAAbortOnError  stm32wbxx_hal_spi.o
    0x08002fd2   0x08002fd2   0x00000002   PAD
    0x08002fd4   0x08002fd4   0x000000b6   Code   RO         1338    .text.SPI_EndRxTxTransaction  stm32wbxx_hal_spi.o
    0x0800308a   0x0800308a   0x00000002   PAD
    0x0800308c   0x0800308c   0x0000016e   Code   RO         1394    .text.SPI_WaitFifoStateUntilTimeout  stm32wbxx_hal_spi.o
    0x080031fa   0x080031fa   0x00000002   PAD
    0x080031fc   0x080031fc   0x00000148   Code   RO         1396    .text.SPI_WaitFlagStateUntilTimeout  stm32wbxx_hal_spi.o
    0x08003344   0x08003344   0x00000002   Code   RO          107    .text.SVC_Handler   stm32wbxx_it.o
    0x08003346   0x08003346   0x00000002   PAD
    0x08003348   0x08003348   0x0000005a   Code   RO          949    .text.SysTick_Config  stm32wbxx_hal_cortex.o
    0x080033a2   0x080033a2   0x00000002   PAD
    0x080033a4   0x080033a4   0x00000008   Code   RO          113    .text.SysTick_Handler  stm32wbxx_it.o
    0x080033ac   0x080033ac   0x000000ba   Code   RO           13    .text.SystemClock_Config  main.o
    0x08003466   0x08003466   0x00000002   PAD
    0x08003468   0x08003468   0x0000007e   Code   RO         1457    .text.SystemInit    system_stm32wbxx.o
    0x080034e6   0x080034e6   0x00000002   PAD
    0x080034e8   0x080034e8   0x00000004   Code   RO          105    .text.UsageFault_Handler  stm32wbxx_it.o
    0x080034ec   0x080034ec   0x00000036   Code   RO          937    .text.__NVIC_EnableIRQ  stm32wbxx_hal_cortex.o
    0x08003522   0x08003522   0x00000002   PAD
    0x08003524   0x08003524   0x00000010   Code   RO          929    .text.__NVIC_GetPriorityGrouping  stm32wbxx_hal_cortex.o
    0x08003534   0x08003534   0x0000004a   Code   RO          931    .text.__NVIC_SetPriority  stm32wbxx_hal_cortex.o
    0x0800357e   0x0800357e   0x00000002   PAD
    0x08003580   0x08003580   0x00000040   Code   RO          925    .text.__NVIC_SetPriorityGrouping  stm32wbxx_hal_cortex.o
    0x080035c0   0x080035c0   0x00000084   Code   RO           11    .text.main          main.o
    0x08003644   0x08003644   0x0000000e   Code   RO         1500    i.__scatterload_copy  mc_w.l(handlers.o)
    0x08003652   0x08003652   0x00000002   Code   RO         1501    i.__scatterload_null  mc_w.l(handlers.o)
    0x08003654   0x08003654   0x0000000e   Code   RO         1502    i.__scatterload_zeroinit  mc_w.l(handlers.o)
    0x08003662   0x08003662   0x00000002   PAD
    0x08003664   0x08003664   0x0000000c   Data   RO          285    .rodata..L__const.RCC_SetFlashLatency.FLASH_CLK_SRC_RANGE_VOS2  stm32wbxx_hal_rcc.o
    0x08003670   0x08003670   0x00000014   Data   RO           31    .rodata..L__const.main.cmd  main.o
    0x08003684   0x08003684   0x00000040   Data   RO         1462    .rodata.AHBPrescTable  system_stm32wbxx.o
    0x080036c4   0x080036c4   0x00000040   Data   RO         1464    .rodata.MSIRangeTable  system_stm32wbxx.o
    0x08003704   0x08003704   0x00000020   Data   RO          284    .rodata.cst16       stm32wbxx_hal_rcc.o
    0x08003724   0x08003724   0x00000020   Data   RO         1499    Region$$Table       anon$$obj.o


    Execution Region RW_IRAM1 (Exec base: 0x20000008, Load base: 0x08003748, Size: 0x000004a0, Max: 0x0002fff8, ABSOLUTE)

    Exec Addr    Load Addr    Size         Type   Attr      Idx    E Section Name        Object

    0x20000008   0x08003748   0x00000004   Data   RW         1461    .data.SystemCoreClock  system_stm32wbxx.o
    0x2000000c   0x0800374c   0x00000001   Data   RW         1150    .data.uwTickFreq    stm32wbxx_hal.o
    0x2000000d   0x0800374d   0x00000003   PAD
    0x20000010   0x08003750   0x00000004   Data   RW         1149    .data.uwTickPrio    stm32wbxx_hal.o
    0x20000014   0x08003754   0x00000004   PAD
    0x20000018        -       0x00000001   Zero   RW           32    .bss.g_rtc_wakeup_flag  main.o
    0x20000019   0x08003754   0x00000003   PAD
    0x2000001c        -       0x00000024   Zero   RW           67    .bss.hrtc           rtc.o
    0x20000040        -       0x00000064   Zero   RW           88    .bss.hspi1          spi.o
    0x200000a4        -       0x00000004   Zero   RW         1151    .bss.uwTick         stm32wbxx_hal.o
    0x200000a8        -       0x00000400   Zero   RW            1    STACK               startup_stm32wb55xx_cm4.o


    Execution Region RW_RAM_SHARED (Exec base: 0x20030000, Load base: 0x08003758, Size: 0x00000000, Max: 0x00002800, ABSOLUTE)

    **** No section assigned to this execution region ****


==============================================================================

Image component sizes


      Code (inc. data)   RO Data    RW Data    ZI Data      Debug   Object Name

       122          0          0          0          0       2937   gpio.o
       452          0         20          0          1       9001   main.o
       198          0          0          0         36       5353   rtc.o
       316          0          0          0        100       7891   spi.o
        36          8        316          0       1024        832   startup_stm32wb55xx_cm4.o
       334          0          0          5          4      14251   stm32wbxx_hal.o
       562          0          0          0          0       9012   stm32wbxx_hal_cortex.o
       184          0          0          0          0       7684   stm32wbxx_hal_dma.o
       898          0          0          0          0       4931   stm32wbxx_hal_gpio.o
         2          0          0          0          0        371   stm32wbxx_hal_msp.o
        18          0          0          0          0       5434   stm32wbxx_hal_pwr.o
        16          0          0          0          0      12995   stm32wbxx_hal_pwr_ex.o
      4680          0         44          0          0      17236   stm32wbxx_hal_rcc.o
      1950          0          0          0          0      23230   stm32wbxx_hal_rcc_ex.o
       612          0          0          0          0      10450   stm32wbxx_hal_rtc.o
        84          0          0          0          0      12937   stm32wbxx_hal_rtc_ex.o
      2656          0          0          0          0      21213   stm32wbxx_hal_spi.o
        50          0          0          0          0       1095   stm32wbxx_it.o
       126          0        128          4          0       3403   system_stm32wbxx.o

    ----------------------------------------------------------------------
     13448          8        540         12       1172     170256   Object Totals
         0          0         32          0          0          0   (incl. Generated)
       152          0          0          3          7          0   (incl. Padding)

    ----------------------------------------------------------------------

      Code (inc. data)   RO Data    RW Data    ZI Data      Debug   Library Member Name

         0          0          0          0          0          0   entry.o
         0          0          0          0          0          0   entry10a.o
         0          0          0          0          0          0   entry11a.o
         8          4          0          0          0          0   entry2.o
         4          0          0          0          0          0   entry5.o
         0          0          0          0          0          0   entry7b.o
         0          0          0          0          0          0   entry8b.o
         8          4          0          0          0          0   entry9a.o
        30          0          0          0          0          0   handlers.o
        36          8          0          0          0         68   init.o
        36          0          0          0          0         68   memcpya.o
        36          0          0          0          0        108   memseta.o

    ----------------------------------------------------------------------
       160         16          0          0          0        244   Library Totals
         2          0          0          0          0          0   (incl. Padding)

    ----------------------------------------------------------------------

      Code (inc. data)   RO Data    RW Data    ZI Data      Debug   Library Name

       158         16          0          0          0        244   mc_w.l

    ----------------------------------------------------------------------
       160         16          0          0          0        244   Library Totals

    ----------------------------------------------------------------------

==============================================================================


      Code (inc. data)   RO Data    RW Data    ZI Data      Debug   

     13608         24        540         12       1172     170312   Grand Totals
     13608         24        540         12       1172     170312   ELF Image Totals
     13608         24        540         12          0          0   ROM Totals

==============================================================================

    Total RO  Size (Code + RO Data)                14148 (  13.82kB)
    Total RW  Size (RW Data + ZI Data)              1184 (   1.16kB)
    Total ROM Size (Code + RO Data + RW Data)      14160 (  13.83kB)

==============================================================================

